Archive member included to satisfy reference by file (symbol)

d:/stm32/stm32cubeide_1.10.1/stm32cubeide/plugins/com.st.stm32cube.ide.mcu.externaltools.gnu-tools-for-stm32.10.3-2021.10.win32_1.0.0.202111181127/tools/bin/../lib/gcc/arm-none-eabi/10.3.1/../../../../arm-none-eabi/lib/thumb/v7e-m+dp/hard\libc_nano.a(lib_a-errno.o)
                              ./Core/Src/syscalls.o (__errno)
d:/stm32/stm32cubeide_1.10.1/stm32cubeide/plugins/com.st.stm32cube.ide.mcu.externaltools.gnu-tools-for-stm32.10.3-2021.10.win32_1.0.0.202111181127/tools/bin/../lib/gcc/arm-none-eabi/10.3.1/../../../../arm-none-eabi/lib/thumb/v7e-m+dp/hard\libc_nano.a(lib_a-exit.o)
                              d:/stm32/stm32cubeide_1.10.1/stm32cubeide/plugins/com.st.stm32cube.ide.mcu.externaltools.gnu-tools-for-stm32.10.3-2021.10.win32_1.0.0.202111181127/tools/bin/../lib/gcc/arm-none-eabi/10.3.1/../../../../arm-none-eabi/lib/thumb/v7e-m+dp/hard/crt0.o (exit)
d:/stm32/stm32cubeide_1.10.1/stm32cubeide/plugins/com.st.stm32cube.ide.mcu.externaltools.gnu-tools-for-stm32.10.3-2021.10.win32_1.0.0.202111181127/tools/bin/../lib/gcc/arm-none-eabi/10.3.1/../../../../arm-none-eabi/lib/thumb/v7e-m+dp/hard\libc_nano.a(lib_a-findfp.o)
                              ./Middlewares/Third_Party/FreeRTOS/tasks.o (__sf_fake_stderr)
d:/stm32/stm32cubeide_1.10.1/stm32cubeide/plugins/com.st.stm32cube.ide.mcu.externaltools.gnu-tools-for-stm32.10.3-2021.10.win32_1.0.0.202111181127/tools/bin/../lib/gcc/arm-none-eabi/10.3.1/../../../../arm-none-eabi/lib/thumb/v7e-m+dp/hard\libc_nano.a(lib_a-fwalk.o)
                              d:/stm32/stm32cubeide_1.10.1/stm32cubeide/plugins/com.st.stm32cube.ide.mcu.externaltools.gnu-tools-for-stm32.10.3-2021.10.win32_1.0.0.202111181127/tools/bin/../lib/gcc/arm-none-eabi/10.3.1/../../../../arm-none-eabi/lib/thumb/v7e-m+dp/hard\libc_nano.a(lib_a-findfp.o) (_fwalk)
d:/stm32/stm32cubeide_1.10.1/stm32cubeide/plugins/com.st.stm32cube.ide.mcu.externaltools.gnu-tools-for-stm32.10.3-2021.10.win32_1.0.0.202111181127/tools/bin/../lib/gcc/arm-none-eabi/10.3.1/../../../../arm-none-eabi/lib/thumb/v7e-m+dp/hard\libc_nano.a(lib_a-impure.o)
                              d:/stm32/stm32cubeide_1.10.1/stm32cubeide/plugins/com.st.stm32cube.ide.mcu.externaltools.gnu-tools-for-stm32.10.3-2021.10.win32_1.0.0.202111181127/tools/bin/../lib/gcc/arm-none-eabi/10.3.1/../../../../arm-none-eabi/lib/thumb/v7e-m+dp/hard\libc_nano.a(lib_a-exit.o) (_global_impure_ptr)
d:/stm32/stm32cubeide_1.10.1/stm32cubeide/plugins/com.st.stm32cube.ide.mcu.externaltools.gnu-tools-for-stm32.10.3-2021.10.win32_1.0.0.202111181127/tools/bin/../lib/gcc/arm-none-eabi/10.3.1/../../../../arm-none-eabi/lib/thumb/v7e-m+dp/hard\libc_nano.a(lib_a-init.o)
                              d:/stm32/stm32cubeide_1.10.1/stm32cubeide/plugins/com.st.stm32cube.ide.mcu.externaltools.gnu-tools-for-stm32.10.3-2021.10.win32_1.0.0.202111181127/tools/bin/../lib/gcc/arm-none-eabi/10.3.1/../../../../arm-none-eabi/lib/thumb/v7e-m+dp/hard/crt0.o (__libc_init_array)
d:/stm32/stm32cubeide_1.10.1/stm32cubeide/plugins/com.st.stm32cube.ide.mcu.externaltools.gnu-tools-for-stm32.10.3-2021.10.win32_1.0.0.202111181127/tools/bin/../lib/gcc/arm-none-eabi/10.3.1/../../../../arm-none-eabi/lib/thumb/v7e-m+dp/hard\libc_nano.a(lib_a-lock.o)
                              d:/stm32/stm32cubeide_1.10.1/stm32cubeide/plugins/com.st.stm32cube.ide.mcu.externaltools.gnu-tools-for-stm32.10.3-2021.10.win32_1.0.0.202111181127/tools/bin/../lib/gcc/arm-none-eabi/10.3.1/../../../../arm-none-eabi/lib/thumb/v7e-m+dp/hard\libc_nano.a(lib_a-findfp.o) (__retarget_lock_init_recursive)
d:/stm32/stm32cubeide_1.10.1/stm32cubeide/plugins/com.st.stm32cube.ide.mcu.externaltools.gnu-tools-for-stm32.10.3-2021.10.win32_1.0.0.202111181127/tools/bin/../lib/gcc/arm-none-eabi/10.3.1/../../../../arm-none-eabi/lib/thumb/v7e-m+dp/hard\libc_nano.a(lib_a-memcpy-stub.o)
                              ./Core/Src/MY_NRF24.o (memcpy)
d:/stm32/stm32cubeide_1.10.1/stm32cubeide/plugins/com.st.stm32cube.ide.mcu.externaltools.gnu-tools-for-stm32.10.3-2021.10.win32_1.0.0.202111181127/tools/bin/../lib/gcc/arm-none-eabi/10.3.1/../../../../arm-none-eabi/lib/thumb/v7e-m+dp/hard\libc_nano.a(lib_a-memset.o)
                              d:/stm32/stm32cubeide_1.10.1/stm32cubeide/plugins/com.st.stm32cube.ide.mcu.externaltools.gnu-tools-for-stm32.10.3-2021.10.win32_1.0.0.202111181127/tools/bin/../lib/gcc/arm-none-eabi/10.3.1/../../../../arm-none-eabi/lib/thumb/v7e-m+dp/hard/crt0.o (memset)
d:/stm32/stm32cubeide_1.10.1/stm32cubeide/plugins/com.st.stm32cube.ide.mcu.externaltools.gnu-tools-for-stm32.10.3-2021.10.win32_1.0.0.202111181127/tools/bin/../lib/gcc/arm-none-eabi/10.3.1/../../../../arm-none-eabi/lib/thumb/v7e-m+dp/hard\libc_nano.a(lib_a-nano-mallocr.o)
[...]
Memory Configuration

Name             Origin             Length             Attributes
RAM_D1           0x0000000024000000 0x0000000000080000 xrw
FLASH            0x0000000008000000 0x0000000000100000 xr
DTCMRAM          0x0000000020000000 0x0000000000020000 xrw
RAM_D2           0x0000000030000000 0x0000000000048000 xrw
RAM_D3           0x0000000038000000 0x0000000000010000 xrw
ITCMRAM          0x0000000000000000 0x0000000000010000 xrw
*default*        0x0000000000000000 0xffffffffffffffff

Linker script and memory map

LOAD d:/stm32/stm32cubeide_1.10.1/stm32cubeide/plugins/com.st.stm32cube.ide.mcu.externaltools.gnu-tools-for-stm32.10.3-2021.10.win32_1.0.0.202111181127/tools/bin/../lib/gcc/arm-none-eabi/10.3.1/thumb/v7e-m+dp/hard/crti.o
LOAD d:/stm32/stm32cubeide_1.10.1/stm32cubeide/plugins/com.st.stm32cube.ide.mcu.externaltools.gnu-tools-for-stm32.10.3-2021.10.win32_1.0.0.202111181127/tools/bin/../lib/gcc/arm-none-eabi/10.3.1/thumb/v7e-m+dp/hard/crtbegin.o
LOAD d:/stm32/stm32cubeide_1.10.1/stm32cubeide/plugins/com.st.stm32cube.ide.mcu.externaltools.gnu-tools-for-stm32.10.3-2021.10.win32_1.0.0.202111181127/tools/bin/../lib/gcc/arm-none-eabi/10.3.1/../../../../arm-none-eabi/lib/thumb/v7e-m+dp/hard/crt0.o
LOAD ./Common/Src/system_stm32h7xx_dualcore_boot_cm4_cm7.o
LOAD ./Core/Src/MY_NRF24.o
LOAD ./Core/Src/freertos.o
LOAD ./Core/Src/main.o
LOAD ./Core/Src/myprintf.o
LOAD ./Core/Src/stm32h7xx_hal_msp.o
LOAD ./Core/Src/stm32h7xx_hal_timebase_tim.o
LOAD ./Core/Src/stm32h7xx_it.o
LOAD ./Core/Src/syscalls.o
LOAD ./Core/Src/sysmem.o
LOAD ./Core/Startup/startup_stm32h745zitx.o
LOAD ./Drivers/STM32H7xx_HAL_Driver/stm32h7xx_hal.o
LOAD ./Drivers/STM32H7xx_HAL_Driver/stm32h7xx_hal_cortex.o
LOAD ./Drivers/STM32H7xx_HAL_Driver/stm32h7xx_hal_dma.o
LOAD ./Drivers/STM32H7xx_HAL_Driver/stm32h7xx_hal_dma_ex.o
LOAD ./Drivers/STM32H7xx_HAL_Driver/stm32h7xx_hal_exti.o
LOAD ./Drivers/STM32H7xx_HAL_Driver/stm32h7xx_hal_fdcan.o
LOAD ./Drivers/STM32H7xx_HAL_Driver/stm32h7xx_hal_flash.o
LOAD ./Drivers/STM32H7xx_HAL_Driver/stm32h7xx_hal_flash_ex.o
LOAD ./Drivers/STM32H7xx_HAL_Driver/stm32h7xx_hal_gpio.o
LOAD ./Drivers/STM32H7xx_HAL_Driver/stm32h7xx_hal_hsem.o
LOAD ./Drivers/STM32H7xx_HAL_Driver/stm32h7xx_hal_i2c.o
LOAD ./Drivers/STM32H7xx_HAL_Driver/stm32h7xx_hal_i2c_ex.o
LOAD ./Drivers/STM32H7xx_HAL_Driver/stm32h7xx_hal_mdma.o
LOAD ./Drivers/STM32H7xx_HAL_Driver/stm32h7xx_hal_pwr.o
LOAD ./Drivers/STM32H7xx_HAL_Driver/stm32h7xx_hal_pwr_ex.o
LOAD ./Drivers/STM32H7xx_HAL_Driver/stm32h7xx_hal_rcc.o
LOAD ./Drivers/STM32H7xx_HAL_Driver/stm32h7xx_hal_rcc_ex.o
LOAD ./Drivers/STM32H7xx_HAL_Driver/stm32h7xx_hal_spi.o
LOAD ./Drivers/STM32H7xx_HAL_Driver/stm32h7xx_hal_spi_ex.o
LOAD ./Drivers/STM32H7xx_HAL_Driver/stm32h7xx_hal_tim.o
LOAD ./Drivers/STM32H7xx_HAL_Driver/stm32h7xx_hal_tim_ex.o
LOAD ./Drivers/STM32H7xx_HAL_Driver/stm32h7xx_hal_uart.o
LOAD ./Drivers/STM32H7xx_HAL_Driver/stm32h7xx_hal_uart_ex.o
LOAD ./Middlewares/Third_Party/FreeRTOS/cmsis_os2.o
LOAD ./Middlewares/Third_Party/FreeRTOS/croutine.o
LOAD ./Middlewares/Third_Party/FreeRTOS/event_groups.o
LOAD ./Middlewares/Third_Party/FreeRTOS/heap_4.o
LOAD ./Middlewares/Third_Party/FreeRTOS/list.o
LOAD ./Middlewares/Third_Party/FreeRTOS/port.o
LOAD ./Middlewares/Third_Party/FreeRTOS/queue.o
LOAD ./Middlewares/Third_Party/FreeRTOS/stream_buffer.o
LOAD ./Middlewares/Third_Party/FreeRTOS/tasks.o
LOAD ./Middlewares/Third_Party/FreeRTOS/timers.o
START GROUP
LOAD d:/stm32/stm32cubeide_1.10.1/stm32cubeide/plugins/com.st.stm32cube.ide.mcu.externaltools.gnu-tools-for-stm32.10.3-2021.10.win32_1.0.0.202111181127/tools/bin/../lib/gcc/arm-none-eabi/10.3.1/../../../../arm-none-eabi/lib/thumb/v7e-m+dp/hard\libc_nano.a
LOAD d:/stm32/stm32cubeide_1.10.1/stm32cubeide/plugins/com.st.stm32cube.ide.mcu.externaltools.gnu-tools-for-stm32.10.3-2021.10.win32_1.0.0.202111181127/tools/bin/../lib/gcc/arm-none-eabi/10.3.1/../../../../arm-none-eabi/lib/thumb/v7e-m+dp/hard\libm.a
END GROUP
START GROUP
LOAD d:/stm32/stm32cubeide_1.10.1/stm32cubeide/plugins/com.st.stm32cube.ide.mcu.externaltools.gnu-tools-for-stm32.10.3-2021.10.win32_1.0.0.202111181127/tools/bin/../lib/gcc/arm-none-eabi/10.3.1/thumb/v7e-m+dp/hard\libgcc.a
LOAD d:/stm32/stm32cubeide_1.10.1/stm32cubeide/plugins/com.st.stm32cube.ide.mcu.externaltools.gnu-tools-for-stm32.10.3-2021.10.win32_1.0.0.202111181127/tools/bin/../lib/gcc/arm-none-eabi/10.3.1/../../../../arm-none-eabi/lib/thumb/v7e-m+dp/hard\libc_nano.a
END GROUP
START GROUP
LOAD d:/stm32/stm32cubeide_1.10.1/stm32cubeide/plugins/com.st.stm32cube.ide.mcu.externaltools.gnu-tools-for-stm32.10.3-2021.10.win32_1.0.0.202111181127/tools/bin/../lib/gcc/arm-none-eabi/10.3.1/thumb/v7e-m+dp/hard\libgcc.a
LOAD d:/stm32/stm32cubeide_1.10.1/stm32cubeide/plugins/com.st.stm32cube.ide.mcu.externaltools.gnu-tools-for-stm32.10.3-2021.10.win32_1.0.0.202111181127/tools/bin/../lib/gcc/arm-none-eabi/10.3.1/../../../../arm-none-eabi/lib/thumb/v7e-m+dp/hard\libc_nano.a
LOAD d:/stm32/stm32cubeide_1.10.1/stm32cubeide/plugins/com.st.stm32cube.ide.mcu.externaltools.gnu-tools-for-stm32.10.3-2021.10.win32_1.0.0.202111181127/tools/bin/../lib/gcc/arm-none-eabi/10.3.1/../../../../arm-none-eabi/lib/thumb/v7e-m+dp/hard\libnosys.a
END GROUP
START GROUP
LOAD d:/stm32/stm32cubeide_1.10.1/stm32cubeide/plugins/com.st.stm32cube.ide.mcu.externaltools.gnu-tools-for-stm32.10.3-2021.10.win32_1.0.0.202111181127/tools/bin/../lib/gcc/arm-none-eabi/10.3.1/thumb/v7e-m+dp/hard\libgcc.a
LOAD d:/stm32/stm32cubeide_1.10.1/stm32cubeide/plugins/com.st.stm32cube.ide.mcu.externaltools.gnu-tools-for-stm32.10.3-2021.10.win32_1.0.0.202111181127/tools/bin/../lib/gcc/arm-none-eabi/10.3.1/../../../../arm-none-eabi/lib/thumb/v7e-m+dp/hard\libc_nano.a
LOAD d:/stm32/stm32cubeide_1.10.1/stm32cubeide/plugins/com.st.stm32cube.ide.mcu.externaltools.gnu-tools-for-stm32.10.3-2021.10.win32_1.0.0.202111181127/tools/bin/../lib/gcc/arm-none-eabi/10.3.1/../../../../arm-none-eabi/lib/thumb/v7e-m+dp/hard\libnosys.a
END GROUP
LOAD d:/stm32/stm32cubeide_1.10.1/stm32cubeide/plugins/com.st.stm32cube.ide.mcu.externaltools.gnu-tools-for-stm32.10.3-2021.10.win32_1.0.0.202111181127/tools/bin/../lib/gcc/arm-none-eabi/10.3.1/thumb/v7e-m+dp/hard/crtend.o
LOAD d:/stm32/stm32cubeide_1.10.1/stm32cubeide/plugins/com.st.stm32cube.ide.mcu.externaltools.gnu-tools-for-stm32.10.3-2021.10.win32_1.0.0.202111181127/tools/bin/../lib/gcc/arm-none-eabi/10.3.1/thumb/v7e-m+dp/hard/crtn.o
                0x0000000024080000                _estack = (ORIGIN (RAM_D1) + LENGTH (RAM_D1))
                0x0000000000000200                _Min_Heap_Size = 0x200
                0x0000000000000400                _Min_Stack_Size = 0x400

.isr_vector     0x0000000008000000      0x298
                0x0000000008000000                . = ALIGN (0x4)
 *(.isr_vector)
 .isr_vector    0x0000000008000000      0x298 ./Core/Startup/startup_stm32h745zitx.o
                0x0000000008000000                g_pfnVectors
                0x0000000008000298                . = ALIGN (0x4)

.text           0x00000000080002a0     0xf768
                0x00000000080002a0                . = ALIGN (0x4)
 *(.text)
 .text          0x00000000080002a0       0x40 d:/stm32/stm32cubeide_1.10.1/stm32cubeide/plugins/com.st.stm32cube.ide.mcu.externaltools.gnu-tools-for-stm32.10.3-2021.10.win32_1.0.0.202111181127/tools/bin/../lib/gcc/arm-none-eabi/10.3.1/thumb/v7e-m+dp/hard/crtbegin.o
 .text          0x00000000080002e0       0x10 d:/stm32/stm32cubeide_1.10.1/stm32cubeide/plugins/com.st.stm32cube.ide.mcu.externaltools.gnu-tools-for-stm32.10.3-2021.10.win32_1.0.0.202111181127/tools/bin/../lib/gcc/arm-none-eabi/10.3.1/../../../../arm-none-eabi/lib/thumb/v7e-m+dp/hard\libc_nano.a(lib_a-strlen.o)
                0x00000000080002e0                strlen
 .text          0x00000000080002f0       0xa0 d:/stm32/stm32cubeide_1.10.1/stm32cubeide/plugins/com.st.stm32cube.ide.mcu.externaltools.gnu-tools-for-stm32.10.3-2021.10.win32_1.0.0.202111181127/tools/bin/../lib/gcc/arm-none-eabi/10.3.1/../../../../arm-none-eabi/lib/thumb/v7e-m+dp/hard\libc_nano.a(lib_a-memchr.o)
                0x00000000080002f0                memchr
 .text          0x0000000008000390       0x30 d:/stm32/stm32cubeide_1.10.1/stm32cubeide/plugins/com.st.stm32cube.ide.mcu.externaltools.gnu-tools-for-stm32.10.3-2021.10.win32_1.0.0.202111181127/tools/bin/../lib/gcc/arm-none-eabi/10.3.1/thumb/v7e-m+dp/hard\libgcc.a(_aeabi_uldivmod.o)
                0x0000000008000390                __aeabi_uldivmod
 .text          0x00000000080003c0      0x2d0 d:/stm32/stm32cubeide_1.10.1/stm32cubeide/plugins/com.st.stm32cube.ide.mcu.externaltools.gnu-tools-for-stm32.10.3-2021.10.win32_1.0.0.202111181127/tools/bin/../lib/gcc/arm-none-eabi/10.3.1/thumb/v7e-m+dp/hard\libgcc.a(_udivmoddi4.o)
                0x00000000080003c0                __udivmoddi4
 .text          0x0000000008000690        0x4 d:/stm32/stm32cubeide_1.10.1/stm32cubeide/plugins/com.st.stm32cube.ide.mcu.externaltools.gnu-tools-for-stm32.10.3-2021.10.win32_1.0.0.202111181127/tools/bin/../lib/gcc/arm-none-eabi/10.3.1/thumb/v7e-m+dp/hard\libgcc.a(_dvmd_tls.o)
                0x0000000008000690                __aeabi_idiv0
                0x0000000008000690                __aeabi_ldiv0
 *(.text*)
 .text.SystemInit
                0x0000000008000694      0x12c ./Common/Src/system_stm32h7xx_dualcore_boot_cm4_cm7.o
                0x0000000008000694                SystemInit
 .text.NRF24_DelayMicroSeconds
                0x00000000080007c0       0x44 ./Core/Src/MY_NRF24.o
                0x00000000080007c0                NRF24_DelayMicroSeconds
 .text.NRF24_csn
                0x0000000008000804       0x40 ./Core/Src/MY_NRF24.o
                0x0000000008000804                NRF24_csn
 .text.NRF24_ce
                0x0000000008000844       0x40 ./Core/Src/MY_NRF24.o
                0x0000000008000844                NRF24_ce
 .text.NRF24_read_register
                0x0000000008000884       0x50 ./Core/Src/MY_NRF24.o
                0x0000000008000884                NRF24_read_register
 .text.NRF24_read_registerN
                0x00000000080008d4       0x50 ./Core/Src/MY_NRF24.o
                0x00000000080008d4                NRF24_read_registerN
 .text.NRF24_write_register
                0x0000000008000924       0x44 ./Core/Src/MY_NRF24.o
                0x0000000008000924                NRF24_write_register
 .text.NRF24_write_registerN
                0x0000000008000968       0x50 ./Core/Src/MY_NRF24.o
                0x0000000008000968                NRF24_write_registerN
 .text.NRF24_read_payload
                0x00000000080009b8       0x60 ./Core/Src/MY_NRF24.o
                0x00000000080009b8                NRF24_read_payload
 .text.NRF24_flush_tx
                0x0000000008000a18       0x10 ./Core/Src/MY_NRF24.o
                0x0000000008000a18                NRF24_flush_tx
 .text.NRF24_flush_rx
                0x0000000008000a28       0x10 ./Core/Src/MY_NRF24.o
                0x0000000008000a28                NRF24_flush_rx
 .text.NRF24_get_status
                0x0000000008000a38       0x1a ./Core/Src/MY_NRF24.o
                0x0000000008000a38                NRF24_get_status
 *fill*         0x0000000008000a52        0x2 
 .text.NRF24_begin
                0x0000000008000a54      0x1c0 ./Core/Src/MY_NRF24.o
                0x0000000008000a54                NRF24_begin
 .text.NRF24_startListening
                0x0000000008000c14       0x4c ./Core/Src/MY_NRF24.o
                0x0000000008000c14                NRF24_startListening
 .text.NRF24_available
                0x0000000008000c60       0x10 ./Core/Src/MY_NRF24.o
                0x0000000008000c60                NRF24_available
 .text.NRF24_read
                0x0000000008000c70       0x40 ./Core/Src/MY_NRF24.o
                0x0000000008000c70                NRF24_read
 .text.NRF24_openReadingPipe
                0x0000000008000cb0       0x9c ./Core/Src/MY_NRF24.o
                0x0000000008000cb0                NRF24_openReadingPipe
 .text.NRF24_setRetries
                0x0000000008000d4c       0x36 ./Core/Src/MY_NRF24.o
                0x0000000008000d4c                NRF24_setRetries
 .text.NRF24_setChannel
                0x0000000008000d82       0x2a ./Core/Src/MY_NRF24.o
                0x0000000008000d82                NRF24_setChannel
 .text.NRF24_setPayloadSize
                0x0000000008000dac       0x30 ./Core/Src/MY_NRF24.o
                0x0000000008000dac                NRF24_setPayloadSize
 .text.NRF24_getPayloadSize
                0x0000000008000ddc       0x18 ./Core/Src/MY_NRF24.o
                0x0000000008000ddc                NRF24_getPayloadSize
 .text.NRF24_getDynamicPayloadSize
                0x0000000008000df4       0x10 ./Core/Src/MY_NRF24.o
                0x0000000008000df4                NRF24_getDynamicPayloadSize
 .text.NRF24_enableDynamicPayloads
                0x0000000008000e04       0x64 ./Core/Src/MY_NRF24.o
                0x0000000008000e04                NRF24_enableDynamicPayloads
 .text.NRF24_disableDynamicPayloads
                0x0000000008000e68       0x30 ./Core/Src/MY_NRF24.o
                0x0000000008000e68                NRF24_disableDynamicPayloads
 .text.NRF24_setAutoAck
                0x0000000008000e98       0x2a ./Core/Src/MY_NRF24.o
                0x0000000008000e98                NRF24_setAutoAck
 .text.NRF24_setPALevel
                0x0000000008000ec2       0x72 ./Core/Src/MY_NRF24.o
                0x0000000008000ec2                NRF24_setPALevel
 .text.NRF24_setDataRate
                0x0000000008000f34       0x8c ./Core/Src/MY_NRF24.o
                0x0000000008000f34                NRF24_setDataRate
 .text.NRF24_setCRCLength
                0x0000000008000fc0       0x50 ./Core/Src/MY_NRF24.o
                0x0000000008000fc0                NRF24_setCRCLength
 .text.NRF24_powerDown
                0x0000000008001010       0x1e ./Core/Src/MY_NRF24.o
                0x0000000008001010                NRF24_powerDown
 .text.NRF24_availablePipe
                0x000000000800102e       0x60 ./Core/Src/MY_NRF24.o
                0x000000000800102e                NRF24_availablePipe
 .text.NRF24_resetStatus
                0x000000000800108e       0x10 ./Core/Src/MY_NRF24.o
                0x000000000800108e                NRF24_resetStatus
 *fill*         0x000000000800109e        0x2 
 .text.NRF24_ACTIVATE_cmd
                0x00000000080010a0       0x34 ./Core/Src/MY_NRF24.o
                0x00000000080010a0                NRF24_ACTIVATE_cmd
 .text.printRadioSettings
                0x00000000080010d4      0x850 ./Core/Src/MY_NRF24.o
                0x00000000080010d4                printRadioSettings
 .text.nrf24_DebugUART_Init
                0x0000000008001924       0x30 ./Core/Src/MY_NRF24.o
                0x0000000008001924                nrf24_DebugUART_Init
 .text.main     0x0000000008001954      0x1a8 ./Core/Src/main.o
                0x0000000008001954                main
 .text.SystemClock_Config
                0x0000000008001afc       0xf8 ./Core/Src/main.o
                0x0000000008001afc                SystemClock_Config
 .text.MX_FDCAN1_Init
                0x0000000008001bf4       0xc8 ./Core/Src/main.o
 .text.MX_SPI1_Init
                0x0000000008001cbc       0xac ./Core/Src/main.o
 .text.MX_TIM4_Init
                0x0000000008001d68       0xf0 ./Core/Src/main.o
 .text.MX_TIM5_Init
                0x0000000008001e58       0xf0 ./Core/Src/main.o
 .text.MX_TIM17_Init
                0x0000000008001f48       0x50 ./Core/Src/main.o
 .text.MX_USART3_UART_Init
                0x0000000008001f98       0x98 ./Core/Src/main.o
 .text.MX_GPIO_Init
                0x0000000008002030       0xe4 ./Core/Src/main.o
 .text.StartDefaultTask
                0x0000000008002114       0x10 ./Core/Src/main.o
                0x0000000008002114                StartDefaultTask
 .text.wirelessTask
                0x0000000008002124       0x80 ./Core/Src/main.o
                0x0000000008002124                wirelessTask
 *fill*         0x00000000080021a4        0x4 
 .text.escTask  0x00000000080021a8      0x160 ./Core/Src/main.o
                0x00000000080021a8                escTask
 .text.movimientoCamaraTask
                0x0000000008002308      0x4a4 ./Core/Src/main.o
                0x0000000008002308                movimientoCamaraTask
 .text.HAL_TIM_PeriodElapsedCallback
                0x00000000080027ac       0x24 ./Core/Src/main.o
                0x00000000080027ac                HAL_TIM_PeriodElapsedCallback
 .text.Error_Handler
                0x00000000080027d0        0xa ./Core/Src/main.o
                0x00000000080027d0                Error_Handler
 *fill*         0x00000000080027da        0x2 
 .text.__io_putchar
                0x00000000080027dc       0x24 ./Core/Src/myprintf.o
                0x00000000080027dc                __io_putchar
 .text.HAL_MspInit
                0x0000000008002800       0x3c ./Core/Src/stm32h7xx_hal_msp.o
                0x0000000008002800                HAL_MspInit
 .text.HAL_FDCAN_MspInit
                0x000000000800283c       0xcc ./Core/Src/stm32h7xx_hal_msp.o
                0x000000000800283c                HAL_FDCAN_MspInit
 .text.HAL_SPI_MspInit
                0x0000000008002908      0x114 ./Core/Src/stm32h7xx_hal_msp.o
                0x0000000008002908                HAL_SPI_MspInit
 .text.HAL_TIM_Base_MspInit
                0x0000000008002a1c       0xa0 ./Core/Src/stm32h7xx_hal_msp.o
                0x0000000008002a1c                HAL_TIM_Base_MspInit
 .text.HAL_TIM_MspPostInit
                0x0000000008002abc       0xc8 ./Core/Src/stm32h7xx_hal_msp.o
                0x0000000008002abc                HAL_TIM_MspPostInit
 .text.HAL_UART_MspInit
                0x0000000008002b84       0xcc ./Core/Src/stm32h7xx_hal_msp.o
                0x0000000008002b84                HAL_UART_MspInit
 .text.HAL_InitTick
                0x0000000008002c50       0xd8 ./Core/Src/stm32h7xx_hal_timebase_tim.o
                0x0000000008002c50                HAL_InitTick
 .text.NMI_Handler
                0x0000000008002d28        0x6 ./Core/Src/stm32h7xx_it.o
                0x0000000008002d28                NMI_Handler
 .text.HardFault_Handler
                0x0000000008002d2e        0x6 ./Core/Src/stm32h7xx_it.o
                0x0000000008002d2e                HardFault_Handler
 .text.MemManage_Handler
                0x0000000008002d34        0x6 ./Core/Src/stm32h7xx_it.o
                0x0000000008002d34                MemManage_Handler
 .text.BusFault_Handler
                0x0000000008002d3a        0x6 ./Core/Src/stm32h7xx_it.o
                0x0000000008002d3a                BusFault_Handler
 .text.UsageFault_Handler
                0x0000000008002d40        0x6 ./Core/Src/stm32h7xx_it.o
                0x0000000008002d40                UsageFault_Handler
 .text.DebugMon_Handler
                0x0000000008002d46        0xe ./Core/Src/stm32h7xx_it.o
                0x0000000008002d46                DebugMon_Handler
 .text.TIM7_IRQHandler
                0x0000000008002d54       0x14 ./Core/Src/stm32h7xx_it.o
                0x0000000008002d54                TIM7_IRQHandler
 .text._getpid  0x0000000008002d68       0x10 ./Core/Src/syscalls.o
                0x0000000008002d68                _getpid
 .text._kill    0x0000000008002d78       0x20 ./Core/Src/syscalls.o
                0x0000000008002d78                _kill
 .text._exit    0x0000000008002d98       0x14 ./Core/Src/syscalls.o
                0x0000000008002d98                _exit
 .text._read    0x0000000008002dac       0x3a ./Core/Src/syscalls.o
                0x0000000008002dac                _read
 .text._write   0x0000000008002de6       0x38 ./Core/Src/syscalls.o
                0x0000000008002de6                _write
 .text._close   0x0000000008002e1e       0x18 ./Core/Src/syscalls.o
                0x0000000008002e1e                _close
 .text._fstat   0x0000000008002e36       0x20 ./Core/Src/syscalls.o
                0x0000000008002e36                _fstat
 .text._isatty  0x0000000008002e56       0x16 ./Core/Src/syscalls.o
                0x0000000008002e56                _isatty
 .text._lseek   0x0000000008002e6c       0x1a ./Core/Src/syscalls.o
                0x0000000008002e6c                _lseek
 *fill*         0x0000000008002e86        0x2 
 .text._sbrk    0x0000000008002e88       0x6c ./Core/Src/sysmem.o
                0x0000000008002e88                _sbrk
 .text.Reset_Handler
                0x0000000008002ef4       0x50 ./Core/Startup/startup_stm32h745zitx.o
                0x0000000008002ef4                Reset_Handler
 .text.Default_Handler
                0x0000000008002f44        0x2 ./Core/Startup/startup_stm32h745zitx.o
                0x0000000008002f44                RTC_Alarm_IRQHandler
                0x0000000008002f44                EXTI2_IRQHandler
                0x0000000008002f44                TIM8_CC_IRQHandler
                0x0000000008002f44                HRTIM1_Master_IRQHandler
                0x0000000008002f44                UART8_IRQHandler
                0x0000000008002f44                SPI4_IRQHandler
                0x0000000008002f44                TIM1_CC_IRQHandler
                0x0000000008002f44                BDMA_Channel6_IRQHandler
                0x0000000008002f44                DMA2_Stream5_IRQHandler
                0x0000000008002f44                HRTIM1_FLT_IRQHandler
                0x0000000008002f44                JPEG_IRQHandler
                0x0000000008002f44                DMA1_Stream5_IRQHandler
                0x0000000008002f44                BDMA_Channel1_IRQHandler
                0x0000000008002f44                HRTIM1_TIMD_IRQHandler
                0x0000000008002f44                TAMP_STAMP_IRQHandler
                0x0000000008002f44                EXTI3_IRQHandler
                0x0000000008002f44                LPTIM4_IRQHandler
                0x0000000008002f44                TIM8_TRG_COM_TIM14_IRQHandler
                0x0000000008002f44                LPTIM2_IRQHandler
                0x0000000008002f44                DFSDM1_FLT1_IRQHandler
                0x0000000008002f44                DMAMUX2_OVR_IRQHandler
                0x0000000008002f44                TIM8_UP_TIM13_IRQHandler
                0x0000000008002f44                I2C3_ER_IRQHandler
                0x0000000008002f44                DFSDM1_FLT2_IRQHandler
                0x0000000008002f44                MDMA_IRQHandler
                0x0000000008002f44                LPTIM3_IRQHandler
                0x0000000008002f44                HSEM1_IRQHandler
                0x0000000008002f44                EXTI0_IRQHandler
                0x0000000008002f44                I2C2_EV_IRQHandler
                0x0000000008002f44                DMA1_Stream2_IRQHandler
                0x0000000008002f44                FPU_IRQHandler
                0x0000000008002f44                OTG_HS_WKUP_IRQHandler
                0x0000000008002f44                FDCAN1_IT1_IRQHandler
                0x0000000008002f44                LTDC_ER_IRQHandler
                0x0000000008002f44                DMA2_Stream2_IRQHandler
                0x0000000008002f44                HRTIM1_TIME_IRQHandler
                0x0000000008002f44                SPI1_IRQHandler
                0x0000000008002f44                TIM6_DAC_IRQHandler
                0x0000000008002f44                DCMI_IRQHandler
                0x0000000008002f44                HRTIM1_TIMC_IRQHandler
                0x0000000008002f44                DMA2_Stream3_IRQHandler
                0x0000000008002f44                SAI2_IRQHandler
                0x0000000008002f44                DFSDM1_FLT3_IRQHandler
                0x0000000008002f44                USART6_IRQHandler
                0x0000000008002f44                TIM17_IRQHandler
                0x0000000008002f44                USART3_IRQHandler
                0x0000000008002f44                BDMA_Channel7_IRQHandler
                0x0000000008002f44                LPTIM5_IRQHandler
                0x0000000008002f44                UART5_IRQHandler
                0x0000000008002f44                ADC3_IRQHandler
                0x0000000008002f44                DMA2_Stream0_IRQHandler
                0x0000000008002f44                TIM4_IRQHandler
                0x0000000008002f44                BDMA_Channel2_IRQHandler
                0x0000000008002f44                QUADSPI_IRQHandler
                0x0000000008002f44                I2C1_EV_IRQHandler
                0x0000000008002f44                DMA1_Stream6_IRQHandler
                0x0000000008002f44                DMAMUX1_OVR_IRQHandler
                0x0000000008002f44                DMA1_Stream1_IRQHandler
                0x0000000008002f44                TIM16_IRQHandler
                0x0000000008002f44                UART4_IRQHandler
                0x0000000008002f44                BDMA_Channel5_IRQHandler
                0x0000000008002f44                TIM3_IRQHandler
                0x0000000008002f44                RCC_IRQHandler
                0x0000000008002f44                TIM8_BRK_TIM12_IRQHandler
                0x0000000008002f44                TIM1_TRG_COM_IRQHandler
                0x0000000008002f44                Default_Handler
                0x0000000008002f44                ECC_IRQHandler
                0x0000000008002f44                CEC_IRQHandler
                0x0000000008002f44                EXTI15_10_IRQHandler
                0x0000000008002f44                BDMA_Channel0_IRQHandler
                0x0000000008002f44                ADC_IRQHandler
                0x0000000008002f44                DMA1_Stream7_IRQHandler
                0x0000000008002f44                HRTIM1_TIMA_IRQHandler
                0x0000000008002f44                SPI5_IRQHandler
                0x0000000008002f44                SDMMC1_IRQHandler
                0x0000000008002f44                TIM5_IRQHandler
                0x0000000008002f44                DMA2_Stream7_IRQHandler
                0x0000000008002f44                TIM15_IRQHandler
                0x0000000008002f44                PVD_AVD_IRQHandler
                0x0000000008002f44                I2C3_EV_IRQHandler
                0x0000000008002f44                EXTI9_5_IRQHandler
                0x0000000008002f44                RTC_WKUP_IRQHandler
                0x0000000008002f44                LTDC_IRQHandler
                0x0000000008002f44                SAI3_IRQHandler
                0x0000000008002f44                ETH_WKUP_IRQHandler
                0x0000000008002f44                SPDIF_RX_IRQHandler
                0x0000000008002f44                SPI2_IRQHandler
                0x0000000008002f44                OTG_HS_EP1_IN_IRQHandler
                0x0000000008002f44                DMA1_Stream0_IRQHandler
                0x0000000008002f44                CRS_IRQHandler
                0x0000000008002f44                CM7_SEV_IRQHandler
                0x0000000008002f44                EXTI4_IRQHandler
                0x0000000008002f44                RNG_IRQHandler
                0x0000000008002f44                CM4_SEV_IRQHandler
                0x0000000008002f44                HRTIM1_TIMB_IRQHandler
                0x0000000008002f44                FDCAN2_IT1_IRQHandler
                0x0000000008002f44                ETH_IRQHandler
                0x0000000008002f44                TIM1_UP_IRQHandler
                0x0000000008002f44                WWDG_RST_IRQHandler
                0x0000000008002f44                BDMA_Channel4_IRQHandler
                0x0000000008002f44                OTG_HS_EP1_OUT_IRQHandler
                0x0000000008002f44                WWDG_IRQHandler
                0x0000000008002f44                SPI6_IRQHandler
                0x0000000008002f44                MDIOS_IRQHandler
                0x0000000008002f44                I2C4_EV_IRQHandler
                0x0000000008002f44                FDCAN2_IT0_IRQHandler
                0x0000000008002f44                LPUART1_IRQHandler
                0x0000000008002f44                FDCAN1_IT0_IRQHandler
                0x0000000008002f44                TIM2_IRQHandler
                0x0000000008002f44                OTG_FS_WKUP_IRQHandler
                0x0000000008002f44                OTG_HS_IRQHandler
                0x0000000008002f44                HSEM2_IRQHandler
                0x0000000008002f44                DMA2D_IRQHandler
                0x0000000008002f44                TIM1_BRK_IRQHandler
                0x0000000008002f44                EXTI1_IRQHandler
                0x0000000008002f44                SDMMC2_IRQHandler
                0x0000000008002f44                OTG_FS_EP1_OUT_IRQHandler
                0x0000000008002f44                BDMA_Channel3_IRQHandler
                0x0000000008002f44                HOLD_CORE_IRQHandler
                0x0000000008002f44                UART7_IRQHandler
                0x0000000008002f44                MDIOS_WKUP_IRQHandler
                0x0000000008002f44                USART2_IRQHandler
                0x0000000008002f44                DFSDM1_FLT0_IRQHandler
                0x0000000008002f44                SAI4_IRQHandler
                0x0000000008002f44                I2C2_ER_IRQHandler
                0x0000000008002f44                DMA2_Stream1_IRQHandler
                0x0000000008002f44                FLASH_IRQHandler
                0x0000000008002f44                DMA2_Stream4_IRQHandler
                0x0000000008002f44                USART1_IRQHandler
                0x0000000008002f44                OTG_FS_IRQHandler
                0x0000000008002f44                SPI3_IRQHandler
                0x0000000008002f44                WAKEUP_PIN_IRQHandler
                0x0000000008002f44                DMA1_Stream4_IRQHandler
                0x0000000008002f44                OTG_FS_EP1_IN_IRQHandler
                0x0000000008002f44                I2C1_ER_IRQHandler
                0x0000000008002f44                FMC_IRQHandler
                0x0000000008002f44                FDCAN_CAL_IRQHandler
                0x0000000008002f44                SWPMI1_IRQHandler
                0x0000000008002f44                COMP1_IRQHandler
                0x0000000008002f44                LPTIM1_IRQHandler
                0x0000000008002f44                I2C4_ER_IRQHandler
                0x0000000008002f44                DMA2_Stream6_IRQHandler
                0x0000000008002f44                SAI1_IRQHandler
                0x0000000008002f44                DMA1_Stream3_IRQHandler
 *fill*         0x0000000008002f46        0x2 
 .text.HAL_Init
                0x0000000008002f48       0x78 ./Drivers/STM32H7xx_HAL_Driver/stm32h7xx_hal.o
                0x0000000008002f48                HAL_Init
 .text.HAL_IncTick
                0x0000000008002fc0       0x28 ./Drivers/STM32H7xx_HAL_Driver/stm32h7xx_hal.o
                0x0000000008002fc0                HAL_IncTick
 .text.HAL_GetTick
                0x0000000008002fe8       0x18 ./Drivers/STM32H7xx_HAL_Driver/stm32h7xx_hal.o
                0x0000000008002fe8                HAL_GetTick
 .text.HAL_Delay
                0x0000000008003000       0x48 ./Drivers/STM32H7xx_HAL_Driver/stm32h7xx_hal.o
                0x0000000008003000                HAL_Delay
 .text.HAL_GetREVID
                0x0000000008003048       0x18 ./Drivers/STM32H7xx_HAL_Driver/stm32h7xx_hal.o
                0x0000000008003048                HAL_GetREVID
 .text.__NVIC_SetPriorityGrouping
                0x0000000008003060       0x48 ./Drivers/STM32H7xx_HAL_Driver/stm32h7xx_hal_cortex.o
 .text.__NVIC_GetPriorityGrouping
                0x00000000080030a8       0x1c ./Drivers/STM32H7xx_HAL_Driver/stm32h7xx_hal_cortex.o
 .text.__NVIC_EnableIRQ
                0x00000000080030c4       0x3c ./Drivers/STM32H7xx_HAL_Driver/stm32h7xx_hal_cortex.o
 .text.__NVIC_SetPriority
                0x0000000008003100       0x54 ./Drivers/STM32H7xx_HAL_Driver/stm32h7xx_hal_cortex.o
 .text.NVIC_EncodePriority
                0x0000000008003154       0x66 ./Drivers/STM32H7xx_HAL_Driver/stm32h7xx_hal_cortex.o
 .text.HAL_NVIC_SetPriorityGrouping
                0x00000000080031ba       0x16 ./Drivers/STM32H7xx_HAL_Driver/stm32h7xx_hal_cortex.o
                0x00000000080031ba                HAL_NVIC_SetPriorityGrouping
 .text.HAL_NVIC_SetPriority
                0x00000000080031d0       0x34 ./Drivers/STM32H7xx_HAL_Driver/stm32h7xx_hal_cortex.o
                0x00000000080031d0                HAL_NVIC_SetPriority
 .text.HAL_NVIC_EnableIRQ
                0x0000000008003204       0x1c ./Drivers/STM32H7xx_HAL_Driver/stm32h7xx_hal_cortex.o
                0x0000000008003204                HAL_NVIC_EnableIRQ
 .text.HAL_FDCAN_Init
                0x0000000008003220      0x3bc ./Drivers/STM32H7xx_HAL_Driver/stm32h7xx_hal_fdcan.o
                0x0000000008003220                HAL_FDCAN_Init
 .text.FDCAN_CalcultateRamBlockAddresses
                0x00000000080035dc      0x30c ./Drivers/STM32H7xx_HAL_Driver/stm32h7xx_hal_fdcan.o
 .text.HAL_GPIO_Init
                0x00000000080038e8      0x360 ./Drivers/STM32H7xx_HAL_Driver/stm32h7xx_hal_gpio.o
                0x00000000080038e8                HAL_GPIO_Init
 .text.HAL_GPIO_WritePin
                0x0000000008003c48       0x32 ./Drivers/STM32H7xx_HAL_Driver/stm32h7xx_hal_gpio.o
                0x0000000008003c48                HAL_GPIO_WritePin
 *fill*         0x0000000008003c7a        0x2 
 .text.HAL_HSEM_FastTake
                0x0000000008003c7c       0x34 ./Drivers/STM32H7xx_HAL_Driver/stm32h7xx_hal_hsem.o
                0x0000000008003c7c                HAL_HSEM_FastTake
 .text.HAL_HSEM_Release
                0x0000000008003cb0       0x28 ./Drivers/STM32H7xx_HAL_Driver/stm32h7xx_hal_hsem.o
                0x0000000008003cb0                HAL_HSEM_Release
 .text.HAL_PWREx_ConfigSupply
                0x0000000008003cd8       0xb4 ./Drivers/STM32H7xx_HAL_Driver/stm32h7xx_hal_pwr_ex.o
                0x0000000008003cd8                HAL_PWREx_ConfigSupply
 .text.HAL_RCC_OscConfig
                0x0000000008003d8c      0x85c ./Drivers/STM32H7xx_HAL_Driver/stm32h7xx_hal_rcc.o
                0x0000000008003d8c                HAL_RCC_OscConfig
 .text.HAL_RCC_ClockConfig
                0x00000000080045e8      0x36c ./Drivers/STM32H7xx_HAL_Driver/stm32h7xx_hal_rcc.o
                0x00000000080045e8                HAL_RCC_ClockConfig
 .text.HAL_RCC_GetSysClockFreq
                0x0000000008004954      0x2f4 ./Drivers/STM32H7xx_HAL_Driver/stm32h7xx_hal_rcc.o
                0x0000000008004954                HAL_RCC_GetSysClockFreq
 .text.HAL_RCC_GetHCLKFreq
                0x0000000008004c48       0x60 ./Drivers/STM32H7xx_HAL_Driver/stm32h7xx_hal_rcc.o
                0x0000000008004c48                HAL_RCC_GetHCLKFreq
 .text.HAL_RCC_GetPCLK1Freq
                0x0000000008004ca8       0x2c ./Drivers/STM32H7xx_HAL_Driver/stm32h7xx_hal_rcc.o
                0x0000000008004ca8                HAL_RCC_GetPCLK1Freq
 .text.HAL_RCC_GetPCLK2Freq
                0x0000000008004cd4       0x2c ./Drivers/STM32H7xx_HAL_Driver/stm32h7xx_hal_rcc.o
                0x0000000008004cd4                HAL_RCC_GetPCLK2Freq
 .text.HAL_RCC_GetClockConfig
                0x0000000008004d00       0x84 ./Drivers/STM32H7xx_HAL_Driver/stm32h7xx_hal_rcc.o
                0x0000000008004d00                HAL_RCC_GetClockConfig
 .text.HAL_RCCEx_PeriphCLKConfig
                0x0000000008004d84      0xe8c ./Drivers/STM32H7xx_HAL_Driver/stm32h7xx_hal_rcc_ex.o
                0x0000000008004d84                HAL_RCCEx_PeriphCLKConfig
 .text.HAL_RCCEx_GetD3PCLK1Freq
                0x0000000008005c10       0x2c ./Drivers/STM32H7xx_HAL_Driver/stm32h7xx_hal_rcc_ex.o
                0x0000000008005c10                HAL_RCCEx_GetD3PCLK1Freq
 .text.HAL_RCCEx_GetPLL2ClockFreq
                0x0000000008005c3c      0x2a8 ./Drivers/STM32H7xx_HAL_Driver/stm32h7xx_hal_rcc_ex.o
                0x0000000008005c3c                HAL_RCCEx_GetPLL2ClockFreq
 .text.HAL_RCCEx_GetPLL3ClockFreq
                0x0000000008005ee4      0x2a8 ./Drivers/STM32H7xx_HAL_Driver/stm32h7xx_hal_rcc_ex.o
                0x0000000008005ee4                HAL_RCCEx_GetPLL3ClockFreq
 .text.RCCEx_PLL2_Config
                0x000000000800618c      0x164 ./Drivers/STM32H7xx_HAL_Driver/stm32h7xx_hal_rcc_ex.o
 .text.RCCEx_PLL3_Config
                0x00000000080062f0      0x164 ./Drivers/STM32H7xx_HAL_Driver/stm32h7xx_hal_rcc_ex.o
 .text.HAL_SPI_Init
                0x0000000008006454      0x20c ./Drivers/STM32H7xx_HAL_Driver/stm32h7xx_hal_spi.o
                0x0000000008006454                HAL_SPI_Init
 .text.HAL_SPI_Transmit
                0x0000000008006660      0x3e4 ./Drivers/STM32H7xx_HAL_Driver/stm32h7xx_hal_spi.o
                0x0000000008006660                HAL_SPI_Transmit
 .text.HAL_SPI_Receive
                0x0000000008006a44      0x338 ./Drivers/STM32H7xx_HAL_Driver/stm32h7xx_hal_spi.o
                0x0000000008006a44                HAL_SPI_Receive
 .text.HAL_SPI_TransmitReceive
                0x0000000008006d7c      0x450 ./Drivers/STM32H7xx_HAL_Driver/stm32h7xx_hal_spi.o
                0x0000000008006d7c                HAL_SPI_TransmitReceive
 .text.SPI_CloseTransfer
                0x00000000080071cc      0x140 ./Drivers/STM32H7xx_HAL_Driver/stm32h7xx_hal_spi.o
 .text.SPI_WaitOnFlagUntilTimeout
                0x000000000800730c       0x5c ./Drivers/STM32H7xx_HAL_Driver/stm32h7xx_hal_spi.o
 .text.SPI_GetPacketSize
                0x0000000008007368       0x36 ./Drivers/STM32H7xx_HAL_Driver/stm32h7xx_hal_spi.o
 .text.HAL_TIM_Base_Init
                0x000000000800739e       0xae ./Drivers/STM32H7xx_HAL_Driver/stm32h7xx_hal_tim.o
                0x000000000800739e                HAL_TIM_Base_Init
 .text.HAL_TIM_Base_Start_IT
                0x000000000800744c       0xf0 ./Drivers/STM32H7xx_HAL_Driver/stm32h7xx_hal_tim.o
                0x000000000800744c                HAL_TIM_Base_Start_IT
 .text.HAL_TIM_PWM_Init
                0x000000000800753c       0xae ./Drivers/STM32H7xx_HAL_Driver/stm32h7xx_hal_tim.o
                0x000000000800753c                HAL_TIM_PWM_Init
 .text.HAL_TIM_PWM_MspInit
                0x00000000080075ea       0x14 ./Drivers/STM32H7xx_HAL_Driver/stm32h7xx_hal_tim.o
                0x00000000080075ea                HAL_TIM_PWM_MspInit
 *fill*         0x00000000080075fe        0x2 
 .text.HAL_TIM_PWM_Start
                0x0000000008007600      0x21c ./Drivers/STM32H7xx_HAL_Driver/stm32h7xx_hal_tim.o
                0x0000000008007600                HAL_TIM_PWM_Start
 .text.HAL_TIM_IRQHandler
                0x000000000800781c      0x23e ./Drivers/STM32H7xx_HAL_Driver/stm32h7xx_hal_tim.o
                0x000000000800781c                HAL_TIM_IRQHandler
 *fill*         0x0000000008007a5a        0x2 
 .text.HAL_TIM_PWM_ConfigChannel
                0x0000000008007a5c      0x228 ./Drivers/STM32H7xx_HAL_Driver/stm32h7xx_hal_tim.o
                0x0000000008007a5c                HAL_TIM_PWM_ConfigChannel
 .text.HAL_TIM_ConfigClockSource
                0x0000000008007c84      0x1f0 ./Drivers/STM32H7xx_HAL_Driver/stm32h7xx_hal_tim.o
                0x0000000008007c84                HAL_TIM_ConfigClockSource
 .text.HAL_TIM_OC_DelayElapsedCallback
                0x0000000008007e74       0x14 ./Drivers/STM32H7xx_HAL_Driver/stm32h7xx_hal_tim.o
                0x0000000008007e74                HAL_TIM_OC_DelayElapsedCallback
 .text.HAL_TIM_IC_CaptureCallback
                0x0000000008007e88       0x14 ./Drivers/STM32H7xx_HAL_Driver/stm32h7xx_hal_tim.o
                0x0000000008007e88                HAL_TIM_IC_CaptureCallback
 .text.HAL_TIM_PWM_PulseFinishedCallback
                0x0000000008007e9c       0x14 ./Drivers/STM32H7xx_HAL_Driver/stm32h7xx_hal_tim.o
                0x0000000008007e9c                HAL_TIM_PWM_PulseFinishedCallback
 .text.HAL_TIM_TriggerCallback
                0x0000000008007eb0       0x14 ./Drivers/STM32H7xx_HAL_Driver/stm32h7xx_hal_tim.o
                0x0000000008007eb0                HAL_TIM_TriggerCallback
 .text.TIM_Base_SetConfig
                0x0000000008007ec4      0x134 ./Drivers/STM32H7xx_HAL_Driver/stm32h7xx_hal_tim.o
                0x0000000008007ec4                TIM_Base_SetConfig
 .text.TIM_OC1_SetConfig
                0x0000000008007ff8      0x120 ./Drivers/STM32H7xx_HAL_Driver/stm32h7xx_hal_tim.o
 .text.TIM_OC2_SetConfig
                0x0000000008008118      0x114 ./Drivers/STM32H7xx_HAL_Driver/stm32h7xx_hal_tim.o
                0x0000000008008118                TIM_OC2_SetConfig
 .text.TIM_OC3_SetConfig
                0x000000000800822c      0x110 ./Drivers/STM32H7xx_HAL_Driver/stm32h7xx_hal_tim.o
 .text.TIM_OC4_SetConfig
                0x000000000800833c       0xd4 ./Drivers/STM32H7xx_HAL_Driver/stm32h7xx_hal_tim.o
 .text.TIM_OC5_SetConfig
                0x0000000008008410       0xc8 ./Drivers/STM32H7xx_HAL_Driver/stm32h7xx_hal_tim.o
 .text.TIM_OC6_SetConfig
                0x00000000080084d8       0xcc ./Drivers/STM32H7xx_HAL_Driver/stm32h7xx_hal_tim.o
 .text.TIM_TI1_ConfigInputStage
                0x00000000080085a4       0x5e ./Drivers/STM32H7xx_HAL_Driver/stm32h7xx_hal_tim.o
 .text.TIM_TI2_ConfigInputStage
                0x0000000008008602       0x60 ./Drivers/STM32H7xx_HAL_Driver/stm32h7xx_hal_tim.o
 *fill*         0x0000000008008662        0x2 
 .text.TIM_ITRx_SetConfig
                0x0000000008008664       0x3c ./Drivers/STM32H7xx_HAL_Driver/stm32h7xx_hal_tim.o
 .text.TIM_ETR_SetConfig
                0x00000000080086a0       0x40 ./Drivers/STM32H7xx_HAL_Driver/stm32h7xx_hal_tim.o
                0x00000000080086a0                TIM_ETR_SetConfig
 .text.TIM_CCxChannelCmd
                0x00000000080086e0       0x4a ./Drivers/STM32H7xx_HAL_Driver/stm32h7xx_hal_tim.o
                0x00000000080086e0                TIM_CCxChannelCmd
 *fill*         0x000000000800872a        0x2 
 .text.HAL_TIMEx_MasterConfigSynchronization
                0x000000000800872c      0x11c ./Drivers/STM32H7xx_HAL_Driver/stm32h7xx_hal_tim_ex.o
                0x000000000800872c                HAL_TIMEx_MasterConfigSynchronization
 .text.HAL_TIMEx_CommutCallback
                0x0000000008008848       0x14 ./Drivers/STM32H7xx_HAL_Driver/stm32h7xx_hal_tim_ex.o
                0x0000000008008848                HAL_TIMEx_CommutCallback
 .text.HAL_TIMEx_BreakCallback
                0x000000000800885c       0x14 ./Drivers/STM32H7xx_HAL_Driver/stm32h7xx_hal_tim_ex.o
                0x000000000800885c                HAL_TIMEx_BreakCallback
 .text.HAL_TIMEx_Break2Callback
                0x0000000008008870       0x14 ./Drivers/STM32H7xx_HAL_Driver/stm32h7xx_hal_tim_ex.o
                0x0000000008008870                HAL_TIMEx_Break2Callback
 .text.HAL_UART_Init
                0x0000000008008884       0xa0 ./Drivers/STM32H7xx_HAL_Driver/stm32h7xx_hal_uart.o
                0x0000000008008884                HAL_UART_Init
 .text.HAL_UART_Transmit
                0x0000000008008924      0x12c ./Drivers/STM32H7xx_HAL_Driver/stm32h7xx_hal_uart.o
                0x0000000008008924                HAL_UART_Transmit
 .text.UART_SetConfig
                0x0000000008008a50      0xad0 ./Drivers/STM32H7xx_HAL_Driver/stm32h7xx_hal_uart.o
                0x0000000008008a50                UART_SetConfig
 .text.UART_AdvFeatureConfig
                0x0000000008009520      0x144 ./Drivers/STM32H7xx_HAL_Driver/stm32h7xx_hal_uart.o
                0x0000000008009520                UART_AdvFeatureConfig
 .text.UART_CheckIdleState
                0x0000000008009664       0x96 ./Drivers/STM32H7xx_HAL_Driver/stm32h7xx_hal_uart.o
                0x0000000008009664                UART_CheckIdleState
 .text.UART_WaitOnFlagUntilTimeout
                0x00000000080096fa      0x190 ./Drivers/STM32H7xx_HAL_Driver/stm32h7xx_hal_uart.o
                0x00000000080096fa                UART_WaitOnFlagUntilTimeout
 .text.HAL_UARTEx_DisableFifoMode
                0x000000000800988a       0x72 ./Drivers/STM32H7xx_HAL_Driver/stm32h7xx_hal_uart_ex.o
                0x000000000800988a                HAL_UARTEx_DisableFifoMode
 .text.HAL_UARTEx_SetTxFifoThreshold
                0x00000000080098fc       0x7c ./Drivers/STM32H7xx_HAL_Driver/stm32h7xx_hal_uart_ex.o
                0x00000000080098fc                HAL_UARTEx_SetTxFifoThreshold
 .text.HAL_UARTEx_SetRxFifoThreshold
                0x0000000008009978       0x7c ./Drivers/STM32H7xx_HAL_Driver/stm32h7xx_hal_uart_ex.o
                0x0000000008009978                HAL_UARTEx_SetRxFifoThreshold
 .text.UARTEx_SetNbDataToProcess
                0x00000000080099f4       0x9c ./Drivers/STM32H7xx_HAL_Driver/stm32h7xx_hal_uart_ex.o
 .text.__NVIC_SetPriority
                0x0000000008009a90       0x54 ./Middlewares/Third_Party/FreeRTOS/cmsis_os2.o
 .text.SysTick_Handler
                0x0000000008009ae4       0x20 ./Middlewares/Third_Party/FreeRTOS/cmsis_os2.o
                0x0000000008009ae4                SysTick_Handler
 .text.SVC_Setup
                0x0000000008009b04       0x12 ./Middlewares/Third_Party/FreeRTOS/cmsis_os2.o
 *fill*         0x0000000008009b16        0x2 
 .text.osKernelInitialize
                0x0000000008009b18       0x48 ./Middlewares/Third_Party/FreeRTOS/cmsis_os2.o
                0x0000000008009b18                osKernelInitialize
 .text.osKernelStart
                0x0000000008009b60       0x4c ./Middlewares/Third_Party/FreeRTOS/cmsis_os2.o
                0x0000000008009b60                osKernelStart
 .text.osThreadNew
                0x0000000008009bac      0x124 ./Middlewares/Third_Party/FreeRTOS/cmsis_os2.o
                0x0000000008009bac                osThreadNew
 .text.osDelay  0x0000000008009cd0       0x36 ./Middlewares/Third_Party/FreeRTOS/cmsis_os2.o
                0x0000000008009cd0                osDelay
 *fill*         0x0000000008009d06        0x2 
 .text.vApplicationGetIdleTaskMemory
                0x0000000008009d08       0x34 ./Middlewares/Third_Party/FreeRTOS/cmsis_os2.o
                0x0000000008009d08                vApplicationGetIdleTaskMemory
 .text.vApplicationGetTimerTaskMemory
                0x0000000008009d3c       0x34 ./Middlewares/Third_Party/FreeRTOS/cmsis_os2.o
                0x0000000008009d3c                vApplicationGetTimerTaskMemory
 .text.pvPortMalloc
                0x0000000008009d70      0x198 ./Middlewares/Third_Party/FreeRTOS/heap_4.o
                0x0000000008009d70                pvPortMalloc
 .text.vPortFree
                0x0000000008009f08       0xc4 ./Middlewares/Third_Party/FreeRTOS/heap_4.o
                0x0000000008009f08                vPortFree
 .text.prvHeapInit
                0x0000000008009fcc       0xc4 ./Middlewares/Third_Party/FreeRTOS/heap_4.o
 .text.prvInsertBlockIntoFreeList
                0x000000000800a090       0xb4 ./Middlewares/Third_Party/FreeRTOS/heap_4.o
 .text.vListInitialise
                0x000000000800a144       0x40 ./Middlewares/Third_Party/FreeRTOS/list.o
                0x000000000800a144                vListInitialise
 .text.vListInitialiseItem
                0x000000000800a184       0x1a ./Middlewares/Third_Party/FreeRTOS/list.o
                0x000000000800a184                vListInitialiseItem
 .text.vListInsertEnd
                0x000000000800a19e       0x48 ./Middlewares/Third_Party/FreeRTOS/list.o
                0x000000000800a19e                vListInsertEnd
 .text.vListInsert
                0x000000000800a1e6       0x72 ./Middlewares/Third_Party/FreeRTOS/list.o
                0x000000000800a1e6                vListInsert
 .text.uxListRemove
                0x000000000800a258       0x54 ./Middlewares/Third_Party/FreeRTOS/list.o
                0x000000000800a258                uxListRemove
 .text.pxPortInitialiseStack
                0x000000000800a2ac       0x68 ./Middlewares/Third_Party/FreeRTOS/port.o
                0x000000000800a2ac                pxPortInitialiseStack
 .text.prvTaskExitError
                0x000000000800a314       0x58 ./Middlewares/Third_Party/FreeRTOS/port.o
 *fill*         0x000000000800a36c        0x4 
 .text.SVC_Handler
                0x000000000800a370       0x28 ./Middlewares/Third_Party/FreeRTOS/port.o
                0x000000000800a370                SVC_Handler
 .text.prvPortStartFirstTask
                0x000000000800a398       0x28 ./Middlewares/Third_Party/FreeRTOS/port.o
 .text.xPortStartScheduler
                0x000000000800a3c0      0x144 ./Middlewares/Third_Party/FreeRTOS/port.o
                0x000000000800a3c0                xPortStartScheduler
 .text.vPortEnterCritical
                0x000000000800a504       0x60 ./Middlewares/Third_Party/FreeRTOS/port.o
                0x000000000800a504                vPortEnterCritical
 .text.vPortExitCritical
                0x000000000800a564       0x54 ./Middlewares/Third_Party/FreeRTOS/port.o
                0x000000000800a564                vPortExitCritical
 *fill*         0x000000000800a5b8        0x8 
 .text.PendSV_Handler
                0x000000000800a5c0       0x68 ./Middlewares/Third_Party/FreeRTOS/port.o
                0x000000000800a5c0                PendSV_Handler
 .text.xPortSysTickHandler
                0x000000000800a628       0x44 ./Middlewares/Third_Party/FreeRTOS/port.o
                0x000000000800a628                xPortSysTickHandler
 .text.vPortSetupTimerInterrupt
                0x000000000800a66c       0x48 ./Middlewares/Third_Party/FreeRTOS/port.o
                0x000000000800a66c                vPortSetupTimerInterrupt
 .text.vPortEnableVFP
                0x000000000800a6b4       0x14 ./Middlewares/Third_Party/FreeRTOS/port.o
 .text.vPortValidateInterruptPriority
                0x000000000800a6c8       0x80 ./Middlewares/Third_Party/FreeRTOS/port.o
                0x000000000800a6c8                vPortValidateInterruptPriority
 .text.xQueueGenericReset
                0x000000000800a748       0xd0 ./Middlewares/Third_Party/FreeRTOS/queue.o
                0x000000000800a748                xQueueGenericReset
 .text.xQueueGenericCreateStatic
                0x000000000800a818       0xf0 ./Middlewares/Third_Party/FreeRTOS/queue.o
                0x000000000800a818                xQueueGenericCreateStatic
 .text.prvInitialiseNewQueue
                0x000000000800a908       0x46 ./Middlewares/Third_Party/FreeRTOS/queue.o
 *fill*         0x000000000800a94e        0x2 
 .text.xQueueGenericSend
                0x000000000800a950      0x1fc ./Middlewares/Third_Party/FreeRTOS/queue.o
                0x000000000800a950                xQueueGenericSend
 .text.xQueueGenericSendFromISR
                0x000000000800ab4c      0x136 ./Middlewares/Third_Party/FreeRTOS/queue.o
                0x000000000800ab4c                xQueueGenericSendFromISR
 *fill*         0x000000000800ac82        0x2 
 .text.xQueueReceive
                0x000000000800ac84      0x1c0 ./Middlewares/Third_Party/FreeRTOS/queue.o
                0x000000000800ac84                xQueueReceive
 .text.prvCopyDataToQueue
                0x000000000800ae44       0xd4 ./Middlewares/Third_Party/FreeRTOS/queue.o
 .text.prvCopyDataFromQueue
                0x000000000800af18       0x4c ./Middlewares/Third_Party/FreeRTOS/queue.o
 .text.prvUnlockQueue
                0x000000000800af64       0xa4 ./Middlewares/Third_Party/FreeRTOS/queue.o
 .text.prvIsQueueEmpty
                0x000000000800b008       0x2c ./Middlewares/Third_Party/FreeRTOS/queue.o
 .text.prvIsQueueFull
                0x000000000800b034       0x30 ./Middlewares/Third_Party/FreeRTOS/queue.o
 .text.vQueueAddToRegistry
                0x000000000800b064       0x54 ./Middlewares/Third_Party/FreeRTOS/queue.o
                0x000000000800b064                vQueueAddToRegistry
 .text.vQueueWaitForMessageRestricted
                0x000000000800b0b8       0x68 ./Middlewares/Third_Party/FreeRTOS/queue.o
                0x000000000800b0b8                vQueueWaitForMessageRestricted
 .text.xTaskCreateStatic
                0x000000000800b120       0xba ./Middlewares/Third_Party/FreeRTOS/tasks.o
                0x000000000800b120                xTaskCreateStatic
 .text.xTaskCreate
                0x000000000800b1da       0x8a ./Middlewares/Third_Party/FreeRTOS/tasks.o
                0x000000000800b1da                xTaskCreate
 .text.prvInitialiseNewTask
                0x000000000800b264      0x14c ./Middlewares/Third_Party/FreeRTOS/tasks.o
 .text.prvAddNewTaskToReadyList
                0x000000000800b3b0       0xe0 ./Middlewares/Third_Party/FreeRTOS/tasks.o
 .text.vTaskDelay
                0x000000000800b490       0x68 ./Middlewares/Third_Party/FreeRTOS/tasks.o
                0x000000000800b490                vTaskDelay
 .text.vTaskStartScheduler
                0x000000000800b4f8       0xe0 ./Middlewares/Third_Party/FreeRTOS/tasks.o
                0x000000000800b4f8                vTaskStartScheduler
 .text.vTaskSuspendAll
                0x000000000800b5d8       0x1c ./Middlewares/Third_Party/FreeRTOS/tasks.o
                0x000000000800b5d8                vTaskSuspendAll
 .text.xTaskResumeAll
                0x000000000800b5f4      0x13c ./Middlewares/Third_Party/FreeRTOS/tasks.o
                0x000000000800b5f4                xTaskResumeAll
 .text.xTaskGetTickCount
                0x000000000800b730       0x20 ./Middlewares/Third_Party/FreeRTOS/tasks.o
                0x000000000800b730                xTaskGetTickCount
 .text.xTaskIncrementTick
                0x000000000800b750      0x174 ./Middlewares/Third_Party/FreeRTOS/tasks.o
                0x000000000800b750                xTaskIncrementTick
 .text.vTaskSwitchContext
                0x000000000800b8c4       0xc8 ./Middlewares/Third_Party/FreeRTOS/tasks.o
                0x000000000800b8c4                vTaskSwitchContext
 .text.vTaskPlaceOnEventList
                0x000000000800b98c       0x48 ./Middlewares/Third_Party/FreeRTOS/tasks.o
                0x000000000800b98c                vTaskPlaceOnEventList
 .text.vTaskPlaceOnEventListRestricted
                0x000000000800b9d4       0x58 ./Middlewares/Third_Party/FreeRTOS/tasks.o
                0x000000000800b9d4                vTaskPlaceOnEventListRestricted
 .text.xTaskRemoveFromEventList
                0x000000000800ba2c       0xc8 ./Middlewares/Third_Party/FreeRTOS/tasks.o
                0x000000000800ba2c                xTaskRemoveFromEventList
 .text.vTaskInternalSetTimeOutState
                0x000000000800baf4       0x2c ./Middlewares/Third_Party/FreeRTOS/tasks.o
                0x000000000800baf4                vTaskInternalSetTimeOutState
 .text.xTaskCheckForTimeOut
                0x000000000800bb20       0xc4 ./Middlewares/Third_Party/FreeRTOS/tasks.o
                0x000000000800bb20                xTaskCheckForTimeOut
 .text.vTaskMissedYield
                0x000000000800bbe4       0x18 ./Middlewares/Third_Party/FreeRTOS/tasks.o
                0x000000000800bbe4                vTaskMissedYield
 .text.prvIdleTask
                0x000000000800bbfc       0x30 ./Middlewares/Third_Party/FreeRTOS/tasks.o
 .text.prvInitialiseTaskLists
                0x000000000800bc2c       0x80 ./Middlewares/Third_Party/FreeRTOS/tasks.o
 .text.prvCheckTasksWaitingTermination
                0x000000000800bcac       0x5c ./Middlewares/Third_Party/FreeRTOS/tasks.o
 .text.prvDeleteTCB
                0x000000000800bd08       0x68 ./Middlewares/Third_Party/FreeRTOS/tasks.o
 .text.prvResetNextTaskUnblockTime
                0x000000000800bd70       0x40 ./Middlewares/Third_Party/FreeRTOS/tasks.o
 .text.xTaskGetSchedulerState
                0x000000000800bdb0       0x3c ./Middlewares/Third_Party/FreeRTOS/tasks.o
                0x000000000800bdb0                xTaskGetSchedulerState
 .text.xTaskPriorityDisinherit
                0x000000000800bdec       0xdc ./Middlewares/Third_Party/FreeRTOS/tasks.o
                0x000000000800bdec                xTaskPriorityDisinherit
 .text.prvAddCurrentTaskToDelayedList
                0x000000000800bec8       0xa8 ./Middlewares/Third_Party/FreeRTOS/tasks.o
 .text.xTimerCreateTimerTask
                0x000000000800bf70       0x90 ./Middlewares/Third_Party/FreeRTOS/timers.o
                0x000000000800bf70                xTimerCreateTimerTask
 .text.xTimerGenericCommand
                0x000000000800c000       0x9c ./Middlewares/Third_Party/FreeRTOS/timers.o
                0x000000000800c000                xTimerGenericCommand
 .text.prvProcessExpiredTimer
                0x000000000800c09c       0x98 ./Middlewares/Third_Party/FreeRTOS/timers.o
 .text.prvTimerTask
                0x000000000800c134       0x24 ./Middlewares/Third_Party/FreeRTOS/timers.o
 .text.prvProcessTimerOrBlockTask
                0x000000000800c158       0x9c ./Middlewares/Third_Party/FreeRTOS/timers.o
 .text.prvGetNextExpireTime
                0x000000000800c1f4       0x48 ./Middlewares/Third_Party/FreeRTOS/timers.o
 .text.prvSampleTimeNow
                0x000000000800c23c       0x40 ./Middlewares/Third_Party/FreeRTOS/timers.o
 .text.prvInsertTimerInActiveList
                0x000000000800c27c       0x84 ./Middlewares/Third_Party/FreeRTOS/timers.o
 .text.prvProcessReceivedCommands
                0x000000000800c300      0x1c4 ./Middlewares/Third_Party/FreeRTOS/timers.o
 .text.prvSwitchTimerLists
                0x000000000800c4c4       0xc8 ./Middlewares/Third_Party/FreeRTOS/timers.o
 .text.prvCheckForValidListAndQueue
                0x000000000800c58c       0x80 ./Middlewares/Third_Party/FreeRTOS/timers.o
 .text.__errno  0x000000000800c60c        0xc d:/stm32/stm32cubeide_1.10.1/stm32cubeide/plugins/com.st.stm32cube.ide.mcu.externaltools.gnu-tools-for-stm32.10.3-2021.10.win32_1.0.0.202111181127/tools/bin/../lib/gcc/arm-none-eabi/10.3.1/../../../../arm-none-eabi/lib/thumb/v7e-m+dp/hard\libc_nano.a(lib_a-errno.o)
                0x000000000800c60c                __errno
 .text.std      0x000000000800c618       0x48 d:/stm32/stm32cubeide_1.10.1/stm32cubeide/plugins/com.st.stm32cube.ide.mcu.externaltools.gnu-tools-for-stm32.10.3-2021.10.win32_1.0.0.202111181127/tools/bin/../lib/gcc/arm-none-eabi/10.3.1/../../../../arm-none-eabi/lib/thumb/v7e-m+dp/hard\libc_nano.a(lib_a-findfp.o)
 .text._cleanup_r
                0x000000000800c660        0xc d:/stm32/stm32cubeide_1.10.1/stm32cubeide/plugins/com.st.stm32cube.ide.mcu.externaltools.gnu-tools-for-stm32.10.3-2021.10.win32_1.0.0.202111181127/tools/bin/../lib/gcc/arm-none-eabi/10.3.1/../../../../arm-none-eabi/lib/thumb/v7e-m+dp/hard\libc_nano.a(lib_a-findfp.o)
                0x000000000800c660                _cleanup_r
 .text.__sfmoreglue
                0x000000000800c66c       0x2c d:/stm32/stm32cubeide_1.10.1/stm32cubeide/plugins/com.st.stm32cube.ide.mcu.externaltools.gnu-tools-for-stm32.10.3-2021.10.win32_1.0.0.202111181127/tools/bin/../lib/gcc/arm-none-eabi/10.3.1/../../../../arm-none-eabi/lib/thumb/v7e-m+dp/hard\libc_nano.a(lib_a-findfp.o)
                0x000000000800c66c                __sfmoreglue
 .text.__sfp_lock_acquire
                0x000000000800c698        0xc d:/stm32/stm32cubeide_1.10.1/stm32cubeide/plugins/com.st.stm32cube.ide.mcu.externaltools.gnu-tools-for-stm32.10.3-2021.10.win32_1.0.0.202111181127/tools/bin/../lib/gcc/arm-none-eabi/10.3.1/../../../../arm-none-eabi/lib/thumb/v7e-m+dp/hard\libc_nano.a(lib_a-findfp.o)
                0x000000000800c698                __sfp_lock_acquire
 .text.__sfp_lock_release
                0x000000000800c6a4        0xc d:/stm32/stm32cubeide_1.10.1/stm32cubeide/plugins/com.st.stm32cube.ide.mcu.externaltools.gnu-tools-for-stm32.10.3-2021.10.win32_1.0.0.202111181127/tools/bin/../lib/gcc/arm-none-eabi/10.3.1/../../../../arm-none-eabi/lib/thumb/v7e-m+dp/hard\libc_nano.a(lib_a-findfp.o)
                0x000000000800c6a4                __sfp_lock_release
 .text.__sinit_lock_acquire
                0x000000000800c6b0        0xc d:/stm32/stm32cubeide_1.10.1/stm32cubeide/plugins/com.st.stm32cube.ide.mcu.externaltools.gnu-tools-for-stm32.10.3-2021.10.win32_1.0.0.202111181127/tools/bin/../lib/gcc/arm-none-eabi/10.3.1/../../../../arm-none-eabi/lib/thumb/v7e-m+dp/hard\libc_nano.a(lib_a-findfp.o)
                0x000000000800c6b0                __sinit_lock_acquire
 .text.__sinit_lock_release
                0x000000000800c6bc        0xc d:/stm32/stm32cubeide_1.10.1/stm32cubeide/plugins/com.st.stm32cube.ide.mcu.externaltools.gnu-tools-for-stm32.10.3-2021.10.win32_1.0.0.202111181127/tools/bin/../lib/gcc/arm-none-eabi/10.3.1/../../../../arm-none-eabi/lib/thumb/v7e-m+dp/hard\libc_nano.a(lib_a-findfp.o)
                0x000000000800c6bc                __sinit_lock_release
 .text.__sinit  0x000000000800c6c8       0x70 d:/stm32/stm32cubeide_1.10.1/stm32cubeide/plugins/com.st.stm32cube.ide.mcu.externaltools.gnu-tools-for-stm32.10.3-2021.10.win32_1.0.0.202111181127/tools/bin/../lib/gcc/arm-none-eabi/10.3.1/../../../../arm-none-eabi/lib/thumb/v7e-m+dp/hard\libc_nano.a(lib_a-findfp.o)
                0x000000000800c6c8                __sinit
 .text.__sfp    0x000000000800c738       0x8c d:/stm32/stm32cubeide_1.10.1/stm32cubeide/plugins/com.st.stm32cube.ide.mcu.externaltools.gnu-tools-for-stm32.10.3-2021.10.win32_1.0.0.202111181127/tools/bin/../lib/gcc/arm-none-eabi/10.3.1/../../../../arm-none-eabi/lib/thumb/v7e-m+dp/hard\libc_nano.a(lib_a-findfp.o)
                0x000000000800c738                __sfp
 .text._fwalk_reent
                0x000000000800c7c4       0x3e d:/stm32/stm32cubeide_1.10.1/stm32cubeide/plugins/com.st.stm32cube.ide.mcu.externaltools.gnu-tools-for-stm32.10.3-2021.10.win32_1.0.0.202111181127/tools/bin/../lib/gcc/arm-none-eabi/10.3.1/../../../../arm-none-eabi/lib/thumb/v7e-m+dp/hard\libc_nano.a(lib_a-fwalk.o)
                0x000000000800c7c4                _fwalk_reent
 *fill*         0x000000000800c802        0x2 
 .text.__libc_init_array
                0x000000000800c804       0x48 d:/stm32/stm32cubeide_1.10.1/stm32cubeide/plugins/com.st.stm32cube.ide.mcu.externaltools.gnu-tools-for-stm32.10.3-2021.10.win32_1.0.0.202111181127/tools/bin/../lib/gcc/arm-none-eabi/10.3.1/../../../../arm-none-eabi/lib/thumb/v7e-m+dp/hard\libc_nano.a(lib_a-init.o)
                0x000000000800c804                __libc_init_array
 .text.__retarget_lock_init_recursive
                0x000000000800c84c        0x2 d:/stm32/stm32cubeide_1.10.1/stm32cubeide/plugins/com.st.stm32cube.ide.mcu.externaltools.gnu-tools-for-stm32.10.3-2021.10.win32_1.0.0.202111181127/tools/bin/../lib/gcc/arm-none-eabi/10.3.1/../../../../arm-none-eabi/lib/thumb/v7e-m+dp/hard\libc_nano.a(lib_a-lock.o)
                0x000000000800c84c                __retarget_lock_init_recursive
 .text.__retarget_lock_acquire_recursive
                0x000000000800c84e        0x2 d:/stm32/stm32cubeide_1.10.1/stm32cubeide/plugins/com.st.stm32cube.ide.mcu.externaltools.gnu-tools-for-stm32.10.3-2021.10.win32_1.0.0.202111181127/tools/bin/../lib/gcc/arm-none-eabi/10.3.1/../../../../arm-none-eabi/lib/thumb/v7e-m+dp/hard\libc_nano.a(lib_a-lock.o)
                0x000000000800c84e                __retarget_lock_acquire_recursive
 .text.__retarget_lock_release_recursive
                0x000000000800c850        0x2 d:/stm32/stm32cubeide_1.10.1/stm32cubeide/plugins/com.st.stm32cube.ide.mcu.externaltools.gnu-tools-for-stm32.10.3-2021.10.win32_1.0.0.202111181127/tools/bin/../lib/gcc/arm-none-eabi/10.3.1/../../../../arm-none-eabi/lib/thumb/v7e-m+dp/hard\libc_nano.a(lib_a-lock.o)
                0x000000000800c850                __retarget_lock_release_recursive
 .text.memcpy   0x000000000800c852       0x1c d:/stm32/stm32cubeide_1.10.1/stm32cubeide/plugins/com.st.stm32cube.ide.mcu.externaltools.gnu-tools-for-stm32.10.3-2021.10.win32_1.0.0.202111181127/tools/bin/../lib/gcc/arm-none-eabi/10.3.1/../../../../arm-none-eabi/lib/thumb/v7e-m+dp/hard\libc_nano.a(lib_a-memcpy-stub.o)
                0x000000000800c852                memcpy
 .text.memset   0x000000000800c86e       0x10 d:/stm32/stm32cubeide_1.10.1/stm32cubeide/plugins/com.st.stm32cube.ide.mcu.externaltools.gnu-tools-for-stm32.10.3-2021.10.win32_1.0.0.202111181127/tools/bin/../lib/gcc/arm-none-eabi/10.3.1/../../../../arm-none-eabi/lib/thumb/v7e-m+dp/hard\libc_nano.a(lib_a-memset.o)
                0x000000000800c86e                memset
 *fill*         0x000000000800c87e        0x2 
 .text.sbrk_aligned
                0x000000000800c880       0x40 d:/stm32/stm32cubeide_1.10.1/stm32cubeide/plugins/com.st.stm32cube.ide.mcu.externaltools.gnu-tools-for-stm32.10.3-2021.10.win32_1.0.0.202111181127/tools/bin/../lib/gcc/arm-none-eabi/10.3.1/../../../../arm-none-eabi/lib/thumb/v7e-m+dp/hard\libc_nano.a(lib_a-nano-mallocr.o)
 .text._malloc_r
                0x000000000800c8c0       0xe8 d:/stm32/stm32cubeide_1.10.1/stm32cubeide/plugins/com.st.stm32cube.ide.mcu.externaltools.gnu-tools-for-stm32.10.3-2021.10.win32_1.0.0.202111181127/tools/bin/../lib/gcc/arm-none-eabi/10.3.1/../../../../arm-none-eabi/lib/thumb/v7e-m+dp/hard\libc_nano.a(lib_a-nano-mallocr.o)
                0x000000000800c8c0                _malloc_r
 .text.__cvt    0x000000000800c9a8       0xa4 d:/stm32/stm32cubeide_1.10.1/stm32cubeide/plugins/com.st.stm32cube.ide.mcu.externaltools.gnu-tools-for-stm32.10.3-2021.10.win32_1.0.0.202111181127/tools/bin/../lib/gcc/arm-none-eabi/10.3.1/../../../../arm-none-eabi/lib/thumb/v7e-m+dp/hard\libc_nano.a(lib_a-nano-vfprintf_float.o)
                0x000000000800c9a8                __cvt
 .text.__exponent
                0x000000000800ca4c       0x7c d:/stm32/stm32cubeide_1.10.1/stm32cubeide/plugins/com.st.stm32cube.ide.mcu.externaltools.gnu-tools-for-stm32.10.3-2021.10.win32_1.0.0.202111181127/tools/bin/../lib/gcc/arm-none-eabi/10.3.1/../../../../arm-none-eabi/lib/thumb/v7e-m+dp/hard\libc_nano.a(lib_a-nano-vfprintf_float.o)
                0x000000000800ca4c                __exponent
 .text._printf_float
                0x000000000800cac8      0x43c d:/stm32/stm32cubeide_1.10.1/stm32cubeide/plugins/com.st.stm32cube.ide.mcu.externaltools.gnu-tools-for-stm32.10.3-2021.10.win32_1.0.0.202111181127/tools/bin/../lib/gcc/arm-none-eabi/10.3.1/../../../../arm-none-eabi/lib/thumb/v7e-m+dp/hard\libc_nano.a(lib_a-nano-vfprintf_float.o)
                0x000000000800cac8                _printf_float
 .text._printf_common
                0x000000000800cf04       0xda d:/stm32/stm32cubeide_1.10.1/stm32cubeide/plugins/com.st.stm32cube.ide.mcu.externaltools.gnu-tools-for-stm32.10.3-2021.10.win32_1.0.0.202111181127/tools/bin/../lib/gcc/arm-none-eabi/10.3.1/../../../../arm-none-eabi/lib/thumb/v7e-m+dp/hard\libc_nano.a(lib_a-nano-vfprintf_i.o)
                0x000000000800cf04                _printf_common
 *fill*         0x000000000800cfde        0x2 
 .text._printf_i
                0x000000000800cfe0      0x24c d:/stm32/stm32cubeide_1.10.1/stm32cubeide/plugins/com.st.stm32cube.ide.mcu.externaltools.gnu-tools-for-stm32.10.3-2021.10.win32_1.0.0.202111181127/tools/bin/../lib/gcc/arm-none-eabi/10.3.1/../../../../arm-none-eabi/lib/thumb/v7e-m+dp/hard\libc_nano.a(lib_a-nano-vfprintf_i.o)
                0x000000000800cfe0                _printf_i
 .text.printf   0x000000000800d22c       0x30 d:/stm32/stm32cubeide_1.10.1/stm32cubeide/plugins/com.st.stm32cube.ide.mcu.externaltools.gnu-tools-for-stm32.10.3-2021.10.win32_1.0.0.202111181127/tools/bin/../lib/gcc/arm-none-eabi/10.3.1/../../../../arm-none-eabi/lib/thumb/v7e-m+dp/hard\libc_nano.a(lib_a-printf.o)
                0x000000000800d22c                iprintf
                0x000000000800d22c                printf
 .text.cleanup_glue
                0x000000000800d25c       0x1a d:/stm32/stm32cubeide_1.10.1/stm32cubeide/plugins/com.st.stm32cube.ide.mcu.externaltools.gnu-tools-for-stm32.10.3-2021.10.win32_1.0.0.202111181127/tools/bin/../lib/gcc/arm-none-eabi/10.3.1/../../../../arm-none-eabi/lib/thumb/v7e-m+dp/hard\libc_nano.a(lib_a-reent.o)
                0x000000000800d25c                cleanup_glue
 *fill*         0x000000000800d276        0x2 
 .text._reclaim_reent
                0x000000000800d278       0xb8 d:/stm32/stm32cubeide_1.10.1/stm32cubeide/plugins/com.st.stm32cube.ide.mcu.externaltools.gnu-tools-for-stm32.10.3-2021.10.win32_1.0.0.202111181127/tools/bin/../lib/gcc/arm-none-eabi/10.3.1/../../../../arm-none-eabi/lib/thumb/v7e-m+dp/hard\libc_nano.a(lib_a-reent.o)
                0x000000000800d278                _reclaim_reent
 .text._sbrk_r  0x000000000800d330       0x20 d:/stm32/stm32cubeide_1.10.1/stm32cubeide/plugins/com.st.stm32cube.ide.mcu.externaltools.gnu-tools-for-stm32.10.3-2021.10.win32_1.0.0.202111181127/tools/bin/../lib/gcc/arm-none-eabi/10.3.1/../../../../arm-none-eabi/lib/thumb/v7e-m+dp/hard\libc_nano.a(lib_a-sbrkr.o)
                0x000000000800d330                _sbrk_r
 .text.sprintf  0x000000000800d350       0x40 d:/stm32/stm32cubeide_1.10.1/stm32cubeide/plugins/com.st.stm32cube.ide.mcu.externaltools.gnu-tools-for-stm32.10.3-2021.10.win32_1.0.0.202111181127/tools/bin/../lib/gcc/arm-none-eabi/10.3.1/../../../../arm-none-eabi/lib/thumb/v7e-m+dp/hard\libc_nano.a(lib_a-sprintf.o)
                0x000000000800d350                siprintf
                0x000000000800d350                sprintf
 .text.__sread  0x000000000800d390       0x22 d:/stm32/stm32cubeide_1.10.1/stm32cubeide/plugins/com.st.stm32cube.ide.mcu.externaltools.gnu-tools-for-stm32.10.3-2021.10.win32_1.0.0.202111181127/tools/bin/../lib/gcc/arm-none-eabi/10.3.1/../../../../arm-none-eabi/lib/thumb/v7e-m+dp/hard\libc_nano.a(lib_a-stdio.o)
                0x000000000800d390                __sread
 .text.__swrite
                0x000000000800d3b2       0x38 d:/stm32/stm32cubeide_1.10.1/stm32cubeide/plugins/com.st.stm32cube.ide.mcu.externaltools.gnu-tools-for-stm32.10.3-2021.10.win32_1.0.0.202111181127/tools/bin/../lib/gcc/arm-none-eabi/10.3.1/../../../../arm-none-eabi/lib/thumb/v7e-m+dp/hard\libc_nano.a(lib_a-stdio.o)
                0x000000000800d3b2                __swrite
 .text.__sseek  0x000000000800d3ea       0x24 d:/stm32/stm32cubeide_1.10.1/stm32cubeide/plugins/com.st.stm32cube.ide.mcu.externaltools.gnu-tools-for-stm32.10.3-2021.10.win32_1.0.0.202111181127/tools/bin/../lib/gcc/arm-none-eabi/10.3.1/../../../../arm-none-eabi/lib/thumb/v7e-m+dp/hard\libc_nano.a(lib_a-stdio.o)
                0x000000000800d3ea                __sseek
 .text.__sclose
                0x000000000800d40e        0x8 d:/stm32/stm32cubeide_1.10.1/stm32cubeide/plugins/com.st.stm32cube.ide.mcu.externaltools.gnu-tools-for-stm32.10.3-2021.10.win32_1.0.0.202111181127/tools/bin/../lib/gcc/arm-none-eabi/10.3.1/../../../../arm-none-eabi/lib/thumb/v7e-m+dp/hard\libc_nano.a(lib_a-stdio.o)
                0x000000000800d40e                __sclose
 *fill*         0x000000000800d416        0x2 
 .text._write_r
                0x000000000800d418       0x24 d:/stm32/stm32cubeide_1.10.1/stm32cubeide/plugins/com.st.stm32cube.ide.mcu.externaltools.gnu-tools-for-stm32.10.3-2021.10.win32_1.0.0.202111181127/tools/bin/../lib/gcc/arm-none-eabi/10.3.1/../../../../arm-none-eabi/lib/thumb/v7e-m+dp/hard\libc_nano.a(lib_a-writer.o)
                0x000000000800d418                _write_r
 .text._close_r
                0x000000000800d43c       0x20 d:/stm32/stm32cubeide_1.10.1/stm32cubeide/plugins/com.st.stm32cube.ide.mcu.externaltools.gnu-tools-for-stm32.10.3-2021.10.win32_1.0.0.202111181127/tools/bin/../lib/gcc/arm-none-eabi/10.3.1/../../../../arm-none-eabi/lib/thumb/v7e-m+dp/hard\libc_nano.a(lib_a-closer.o)
                0x000000000800d43c                _close_r
 .text.quorem   0x000000000800d45c      0x116 d:/stm32/stm32cubeide_1.10.1/stm32cubeide/plugins/com.st.stm32cube.ide.mcu.externaltools.gnu-tools-for-stm32.10.3-2021.10.win32_1.0.0.202111181127/tools/bin/../lib/gcc/arm-none-eabi/10.3.1/../../../../arm-none-eabi/lib/thumb/v7e-m+dp/hard\libc_nano.a(lib_a-dtoa.o)
 *fill*         0x000000000800d572        0x6 
 .text._dtoa_r  0x000000000800d578      0xadc d:/stm32/stm32cubeide_1.10.1/stm32cubeide/plugins/com.st.stm32cube.ide.mcu.externaltools.gnu-tools-for-stm32.10.3-2021.10.win32_1.0.0.202111181127/tools/bin/../lib/gcc/arm-none-eabi/10.3.1/../../../../arm-none-eabi/lib/thumb/v7e-m+dp/hard\libc_nano.a(lib_a-dtoa.o)
                0x000000000800d578                _dtoa_r
 .text.__sflush_r
                0x000000000800e054      0x10c d:/stm32/stm32cubeide_1.10.1/stm32cubeide/plugins/com.st.stm32cube.ide.mcu.externaltools.gnu-tools-for-stm32.10.3-2021.10.win32_1.0.0.202111181127/tools/bin/../lib/gcc/arm-none-eabi/10.3.1/../../../../arm-none-eabi/lib/thumb/v7e-m+dp/hard\libc_nano.a(lib_a-fflush.o)
                0x000000000800e054                __sflush_r
 .text._fflush_r
                0x000000000800e160       0x78 d:/stm32/stm32cubeide_1.10.1/stm32cubeide/plugins/com.st.stm32cube.ide.mcu.externaltools.gnu-tools-for-stm32.10.3-2021.10.win32_1.0.0.202111181127/tools/bin/../lib/gcc/arm-none-eabi/10.3.1/../../../../arm-none-eabi/lib/thumb/v7e-m+dp/hard\libc_nano.a(lib_a-fflush.o)
                0x000000000800e160                _fflush_r
 .text._localeconv_r
                0x000000000800e1d8        0x8 d:/stm32/stm32cubeide_1.10.1/stm32cubeide/plugins/com.st.stm32cube.ide.mcu.externaltools.gnu-tools-for-stm32.10.3-2021.10.win32_1.0.0.202111181127/tools/bin/../lib/gcc/arm-none-eabi/10.3.1/../../../../arm-none-eabi/lib/thumb/v7e-m+dp/hard\libc_nano.a(lib_a-localeconv.o)
                0x000000000800e1d8                _localeconv_r
 .text._lseek_r
                0x000000000800e1e0       0x24 d:/stm32/stm32cubeide_1.10.1/stm32cubeide/plugins/com.st.stm32cube.ide.mcu.externaltools.gnu-tools-for-stm32.10.3-2021.10.win32_1.0.0.202111181127/tools/bin/../lib/gcc/arm-none-eabi/10.3.1/../../../../arm-none-eabi/lib/thumb/v7e-m+dp/hard\libc_nano.a(lib_a-lseekr.o)
                0x000000000800e1e0                _lseek_r
 .text.malloc   0x000000000800e204       0x10 d:/stm32/stm32cubeide_1.10.1/stm32cubeide/plugins/com.st.stm32cube.ide.mcu.externaltools.gnu-tools-for-stm32.10.3-2021.10.win32_1.0.0.202111181127/tools/bin/../lib/gcc/arm-none-eabi/10.3.1/../../../../arm-none-eabi/lib/thumb/v7e-m+dp/hard\libc_nano.a(lib_a-malloc.o)
                0x000000000800e204                malloc
 .text.__malloc_lock
                0x000000000800e214        0xc d:/stm32/stm32cubeide_1.10.1/stm32cubeide/plugins/com.st.stm32cube.ide.mcu.externaltools.gnu-tools-for-stm32.10.3-2021.10.win32_1.0.0.202111181127/tools/bin/../lib/gcc/arm-none-eabi/10.3.1/../../../../arm-none-eabi/lib/thumb/v7e-m+dp/hard\libc_nano.a(lib_a-mlock.o)
                0x000000000800e214                __malloc_lock
 .text.__malloc_unlock
                0x000000000800e220        0xc d:/stm32/stm32cubeide_1.10.1/stm32cubeide/plugins/com.st.stm32cube.ide.mcu.externaltools.gnu-tools-for-stm32.10.3-2021.10.win32_1.0.0.202111181127/tools/bin/../lib/gcc/arm-none-eabi/10.3.1/../../../../arm-none-eabi/lib/thumb/v7e-m+dp/hard\libc_nano.a(lib_a-mlock.o)
                0x000000000800e220                __malloc_unlock
 .text._Balloc  0x000000000800e22c       0x80 d:/stm32/stm32cubeide_1.10.1/stm32cubeide/plugins/com.st.stm32cube.ide.mcu.externaltools.gnu-tools-for-stm32.10.3-2021.10.win32_1.0.0.202111181127/tools/bin/../lib/gcc/arm-none-eabi/10.3.1/../../../../arm-none-eabi/lib/thumb/v7e-m+dp/hard\libc_nano.a(lib_a-mprec.o)
                0x000000000800e22c                _Balloc
 .text._Bfree   0x000000000800e2ac       0x44 d:/stm32/stm32cubeide_1.10.1/stm32cubeide/plugins/com.st.stm32cube.ide.mcu.externaltools.gnu-tools-for-stm32.10.3-2021.10.win32_1.0.0.202111181127/tools/bin/../lib/gcc/arm-none-eabi/10.3.1/../../../../arm-none-eabi/lib/thumb/v7e-m+dp/hard\libc_nano.a(lib_a-mprec.o)
                0x000000000800e2ac                _Bfree
 .text.__multadd
                0x000000000800e2f0       0x8c d:/stm32/stm32cubeide_1.10.1/stm32cubeide/plugins/com.st.stm32cube.ide.mcu.externaltools.gnu-tools-for-stm32.10.3-2021.10.win32_1.0.0.202111181127/tools/bin/../lib/gcc/arm-none-eabi/10.3.1/../../../../arm-none-eabi/lib/thumb/v7e-m+dp/hard\libc_nano.a(lib_a-mprec.o)
                0x000000000800e2f0                __multadd
 .text.__hi0bits
                0x000000000800e37c       0x40 d:/stm32/stm32cubeide_1.10.1/stm32cubeide/plugins/com.st.stm32cube.ide.mcu.externaltools.gnu-tools-for-stm32.10.3-2021.10.win32_1.0.0.202111181127/tools/bin/../lib/gcc/arm-none-eabi/10.3.1/../../../../arm-none-eabi/lib/thumb/v7e-m+dp/hard\libc_nano.a(lib_a-mprec.o)
                0x000000000800e37c                __hi0bits
 .text.__lo0bits
                0x000000000800e3bc       0x5e d:/stm32/stm32cubeide_1.10.1/stm32cubeide/plugins/com.st.stm32cube.ide.mcu.externaltools.gnu-tools-for-stm32.10.3-2021.10.win32_1.0.0.202111181127/tools/bin/../lib/gcc/arm-none-eabi/10.3.1/../../../../arm-none-eabi/lib/thumb/v7e-m+dp/hard\libc_nano.a(lib_a-mprec.o)
                0x000000000800e3bc                __lo0bits
 *fill*         0x000000000800e41a        0x2 
 .text.__i2b    0x000000000800e41c       0x2c d:/stm32/stm32cubeide_1.10.1/stm32cubeide/plugins/com.st.stm32cube.ide.mcu.externaltools.gnu-tools-for-stm32.10.3-2021.10.win32_1.0.0.202111181127/tools/bin/../lib/gcc/arm-none-eabi/10.3.1/../../../../arm-none-eabi/lib/thumb/v7e-m+dp/hard\libc_nano.a(lib_a-mprec.o)
                0x000000000800e41c                __i2b
 .text.__multiply
                0x000000000800e448      0x154 d:/stm32/stm32cubeide_1.10.1/stm32cubeide/plugins/com.st.stm32cube.ide.mcu.externaltools.gnu-tools-for-stm32.10.3-2021.10.win32_1.0.0.202111181127/tools/bin/../lib/gcc/arm-none-eabi/10.3.1/../../../../arm-none-eabi/lib/thumb/v7e-m+dp/hard\libc_nano.a(lib_a-mprec.o)
                0x000000000800e448                __multiply
 .text.__pow5mult
                0x000000000800e59c       0xb4 d:/stm32/stm32cubeide_1.10.1/stm32cubeide/plugins/com.st.stm32cube.ide.mcu.externaltools.gnu-tools-for-stm32.10.3-2021.10.win32_1.0.0.202111181127/tools/bin/../lib/gcc/arm-none-eabi/10.3.1/../../../../arm-none-eabi/lib/thumb/v7e-m+dp/hard\libc_nano.a(lib_a-mprec.o)
                0x000000000800e59c                __pow5mult
 .text.__lshift
                0x000000000800e650       0xe0 d:/stm32/stm32cubeide_1.10.1/stm32cubeide/plugins/com.st.stm32cube.ide.mcu.externaltools.gnu-tools-for-stm32.10.3-2021.10.win32_1.0.0.202111181127/tools/bin/../lib/gcc/arm-none-eabi/10.3.1/../../../../arm-none-eabi/lib/thumb/v7e-m+dp/hard\libc_nano.a(lib_a-mprec.o)
                0x000000000800e650                __lshift
 .text.__mcmp   0x000000000800e730       0x38 d:/stm32/stm32cubeide_1.10.1/stm32cubeide/plugins/com.st.stm32cube.ide.mcu.externaltools.gnu-tools-for-stm32.10.3-2021.10.win32_1.0.0.202111181127/tools/bin/../lib/gcc/arm-none-eabi/10.3.1/../../../../arm-none-eabi/lib/thumb/v7e-m+dp/hard\libc_nano.a(lib_a-mprec.o)
                0x000000000800e730                __mcmp
 .text.__mdiff  0x000000000800e768      0x114 d:/stm32/stm32cubeide_1.10.1/stm32cubeide/plugins/com.st.stm32cube.ide.mcu.externaltools.gnu-tools-for-stm32.10.3-2021.10.win32_1.0.0.202111181127/tools/bin/../lib/gcc/arm-none-eabi/10.3.1/../../../../arm-none-eabi/lib/thumb/v7e-m+dp/hard\libc_nano.a(lib_a-mprec.o)
                0x000000000800e768                __mdiff
 .text.__d2b    0x000000000800e87c       0xb8 d:/stm32/stm32cubeide_1.10.1/stm32cubeide/plugins/com.st.stm32cube.ide.mcu.externaltools.gnu-tools-for-stm32.10.3-2021.10.win32_1.0.0.202111181127/tools/bin/../lib/gcc/arm-none-eabi/10.3.1/../../../../arm-none-eabi/lib/thumb/v7e-m+dp/hard\libc_nano.a(lib_a-mprec.o)
                0x000000000800e87c                __d2b
 .text._calloc_r
                0x000000000800e934       0x2c d:/stm32/stm32cubeide_1.10.1/stm32cubeide/plugins/com.st.stm32cube.ide.mcu.externaltools.gnu-tools-for-stm32.10.3-2021.10.win32_1.0.0.202111181127/tools/bin/../lib/gcc/arm-none-eabi/10.3.1/../../../../arm-none-eabi/lib/thumb/v7e-m+dp/hard\libc_nano.a(lib_a-nano-callocr.o)
                0x000000000800e934                _calloc_r
 .text._free_r  0x000000000800e960       0x98 d:/stm32/stm32cubeide_1.10.1/stm32cubeide/plugins/com.st.stm32cube.ide.mcu.externaltools.gnu-tools-for-stm32.10.3-2021.10.win32_1.0.0.202111181127/tools/bin/../lib/gcc/arm-none-eabi/10.3.1/../../../../arm-none-eabi/lib/thumb/v7e-m+dp/hard\libc_nano.a(lib_a-nano-freer.o)
                0x000000000800e960                _free_r
 .text.__ssputs_r
                0x000000000800e9f8       0xb6 d:/stm32/stm32cubeide_1.10.1/stm32cubeide/plugins/com.st.stm32cube.ide.mcu.externaltools.gnu-tools-for-stm32.10.3-2021.10.win32_1.0.0.202111181127/tools/bin/../lib/gcc/arm-none-eabi/10.3.1/../../../../arm-none-eabi/lib/thumb/v7e-m+dp/hard\libc_nano.a(lib_a-nano-svfprintf.o)
                0x000000000800e9f8                __ssputs_r
 *fill*         0x000000000800eaae        0x2 
 .text._svfprintf_r
                0x000000000800eab0      0x200 d:/stm32/stm32cubeide_1.10.1/stm32cubeide/plugins/com.st.stm32cube.ide.mcu.externaltools.gnu-tools-for-stm32.10.3-2021.10.win32_1.0.0.202111181127/tools/bin/../lib/gcc/arm-none-eabi/10.3.1/../../../../arm-none-eabi/lib/thumb/v7e-m+dp/hard\libc_nano.a(lib_a-nano-svfprintf.o)
                0x000000000800eab0                _svfiprintf_r
                0x000000000800eab0                _svfprintf_r
 .text.__sfputc_r
                0x000000000800ecb0       0x2e d:/stm32/stm32cubeide_1.10.1/stm32cubeide/plugins/com.st.stm32cube.ide.mcu.externaltools.gnu-tools-for-stm32.10.3-2021.10.win32_1.0.0.202111181127/tools/bin/../lib/gcc/arm-none-eabi/10.3.1/../../../../arm-none-eabi/lib/thumb/v7e-m+dp/hard\libc_nano.a(lib_a-nano-vfprintf.o)
 .text.__sfputs_r
                0x000000000800ecde       0x24 d:/stm32/stm32cubeide_1.10.1/stm32cubeide/plugins/com.st.stm32cube.ide.mcu.externaltools.gnu-tools-for-stm32.10.3-2021.10.win32_1.0.0.202111181127/tools/bin/../lib/gcc/arm-none-eabi/10.3.1/../../../../arm-none-eabi/lib/thumb/v7e-m+dp/hard\libc_nano.a(lib_a-nano-vfprintf.o)
                0x000000000800ecde                __sfputs_r
 *fill*         0x000000000800ed02        0x2 
 .text._vfprintf_r
                0x000000000800ed04      0x260 d:/stm32/stm32cubeide_1.10.1/stm32cubeide/plugins/com.st.stm32cube.ide.mcu.externaltools.gnu-tools-for-stm32.10.3-2021.10.win32_1.0.0.202111181127/tools/bin/../lib/gcc/arm-none-eabi/10.3.1/../../../../arm-none-eabi/lib/thumb/v7e-m+dp/hard\libc_nano.a(lib_a-nano-vfprintf.o)
                0x000000000800ed04                _vfprintf_r
                0x000000000800ed04                _vfiprintf_r
 .text._read_r  0x000000000800ef64       0x24 d:/stm32/stm32cubeide_1.10.1/stm32cubeide/plugins/com.st.stm32cube.ide.mcu.externaltools.gnu-tools-for-stm32.10.3-2021.10.win32_1.0.0.202111181127/tools/bin/../lib/gcc/arm-none-eabi/10.3.1/../../../../arm-none-eabi/lib/thumb/v7e-m+dp/hard\libc_nano.a(lib_a-readr.o)
                0x000000000800ef64                _read_r
 .text.__swbuf_r
                0x000000000800ef88       0xa4 d:/stm32/stm32cubeide_1.10.1/stm32cubeide/plugins/com.st.stm32cube.ide.mcu.externaltools.gnu-tools-for-stm32.10.3-2021.10.win32_1.0.0.202111181127/tools/bin/../lib/gcc/arm-none-eabi/10.3.1/../../../../arm-none-eabi/lib/thumb/v7e-m+dp/hard\libc_nano.a(lib_a-wbuf.o)
                0x000000000800ef88                __swbuf_r
 .text.__swsetup_r
                0x000000000800f02c       0xdc d:/stm32/stm32cubeide_1.10.1/stm32cubeide/plugins/com.st.stm32cube.ide.mcu.externaltools.gnu-tools-for-stm32.10.3-2021.10.win32_1.0.0.202111181127/tools/bin/../lib/gcc/arm-none-eabi/10.3.1/../../../../arm-none-eabi/lib/thumb/v7e-m+dp/hard\libc_nano.a(lib_a-wsetup.o)
                0x000000000800f02c                __swsetup_r
 .text.__assert_func
                0x000000000800f108       0x3c d:/stm32/stm32cubeide_1.10.1/stm32cubeide/plugins/com.st.stm32cube.ide.mcu.externaltools.gnu-tools-for-stm32.10.3-2021.10.win32_1.0.0.202111181127/tools/bin/../lib/gcc/arm-none-eabi/10.3.1/../../../../arm-none-eabi/lib/thumb/v7e-m+dp/hard\libc_nano.a(lib_a-assert.o)
                0x000000000800f108                __assert_func
 .text.fprintf  0x000000000800f144       0x24 d:/stm32/stm32cubeide_1.10.1/stm32cubeide/plugins/com.st.stm32cube.ide.mcu.externaltools.gnu-tools-for-stm32.10.3-2021.10.win32_1.0.0.202111181127/tools/bin/../lib/gcc/arm-none-eabi/10.3.1/../../../../arm-none-eabi/lib/thumb/v7e-m+dp/hard\libc_nano.a(lib_a-fprintf.o)
                0x000000000800f144                fiprintf
                0x000000000800f144                fprintf
 .text.__swhatbuf_r
                0x000000000800f168       0x4a d:/stm32/stm32cubeide_1.10.1/stm32cubeide/plugins/com.st.stm32cube.ide.mcu.externaltools.gnu-tools-for-stm32.10.3-2021.10.win32_1.0.0.202111181127/tools/bin/../lib/gcc/arm-none-eabi/10.3.1/../../../../arm-none-eabi/lib/thumb/v7e-m+dp/hard\libc_nano.a(lib_a-makebuf.o)
                0x000000000800f168                __swhatbuf_r
 *fill*         0x000000000800f1b2        0x2 
 .text.__smakebuf_r
                0x000000000800f1b4       0x80 d:/stm32/stm32cubeide_1.10.1/stm32cubeide/plugins/com.st.stm32cube.ide.mcu.externaltools.gnu-tools-for-stm32.10.3-2021.10.win32_1.0.0.202111181127/tools/bin/../lib/gcc/arm-none-eabi/10.3.1/../../../../arm-none-eabi/lib/thumb/v7e-m+dp/hard\libc_nano.a(lib_a-makebuf.o)
                0x000000000800f1b4                __smakebuf_r
 .text.__ascii_mbtowc
                0x000000000800f234       0x24 d:/stm32/stm32cubeide_1.10.1/stm32cubeide/plugins/com.st.stm32cube.ide.mcu.externaltools.gnu-tools-for-stm32.10.3-2021.10.win32_1.0.0.202111181127/tools/bin/../lib/gcc/arm-none-eabi/10.3.1/../../../../arm-none-eabi/lib/thumb/v7e-m+dp/hard\libc_nano.a(lib_a-mbtowc_r.o)
                0x000000000800f234                __ascii_mbtowc
 .text.memmove  0x000000000800f258       0x34 d:/stm32/stm32cubeide_1.10.1/stm32cubeide/plugins/com.st.stm32cube.ide.mcu.externaltools.gnu-tools-for-stm32.10.3-2021.10.win32_1.0.0.202111181127/tools/bin/../lib/gcc/arm-none-eabi/10.3.1/../../../../arm-none-eabi/lib/thumb/v7e-m+dp/hard\libc_nano.a(lib_a-memmove.o)
                0x000000000800f258                memmove
 .text._realloc_r
                0x000000000800f28c       0x5e d:/stm32/stm32cubeide_1.10.1/stm32cubeide/plugins/com.st.stm32cube.ide.mcu.externaltools.gnu-tools-for-stm32.10.3-2021.10.win32_1.0.0.202111181127/tools/bin/../lib/gcc/arm-none-eabi/10.3.1/../../../../arm-none-eabi/lib/thumb/v7e-m+dp/hard\libc_nano.a(lib_a-nano-reallocr.o)
                0x000000000800f28c                _realloc_r
 .text.__ascii_wctomb
                0x000000000800f2ea       0x1a d:/stm32/stm32cubeide_1.10.1/stm32cubeide/plugins/com.st.stm32cube.ide.mcu.externaltools.gnu-tools-for-stm32.10.3-2021.10.win32_1.0.0.202111181127/tools/bin/../lib/gcc/arm-none-eabi/10.3.1/../../../../arm-none-eabi/lib/thumb/v7e-m+dp/hard\libc_nano.a(lib_a-wctomb_r.o)
                0x000000000800f2ea                __ascii_wctomb
 .text.abort    0x000000000800f304        0xe d:/stm32/stm32cubeide_1.10.1/stm32cubeide/plugins/com.st.stm32cube.ide.mcu.externaltools.gnu-tools-for-stm32.10.3-2021.10.win32_1.0.0.202111181127/tools/bin/../lib/gcc/arm-none-eabi/10.3.1/../../../../arm-none-eabi/lib/thumb/v7e-m+dp/hard\libc_nano.a(lib_a-abort.o)
                0x000000000800f304                abort
 *fill*         0x000000000800f312        0x2 
 .text._fstat_r
                0x000000000800f314       0x24 d:/stm32/stm32cubeide_1.10.1/stm32cubeide/plugins/com.st.stm32cube.ide.mcu.externaltools.gnu-tools-for-stm32.10.3-2021.10.win32_1.0.0.202111181127/tools/bin/../lib/gcc/arm-none-eabi/10.3.1/../../../../arm-none-eabi/lib/thumb/v7e-m+dp/hard\libc_nano.a(lib_a-fstatr.o)
                0x000000000800f314                _fstat_r
 .text._isatty_r
                0x000000000800f338       0x20 d:/stm32/stm32cubeide_1.10.1/stm32cubeide/plugins/com.st.stm32cube.ide.mcu.externaltools.gnu-tools-for-stm32.10.3-2021.10.win32_1.0.0.202111181127/tools/bin/../lib/gcc/arm-none-eabi/10.3.1/../../../../arm-none-eabi/lib/thumb/v7e-m+dp/hard\libc_nano.a(lib_a-isattyr.o)
                0x000000000800f338                _isatty_r
 .text._malloc_usable_size_r
                0x000000000800f358       0x10 d:/stm32/stm32cubeide_1.10.1/stm32cubeide/plugins/com.st.stm32cube.ide.mcu.externaltools.gnu-tools-for-stm32.10.3-2021.10.win32_1.0.0.202111181127/tools/bin/../lib/gcc/arm-none-eabi/10.3.1/../../../../arm-none-eabi/lib/thumb/v7e-m+dp/hard\libc_nano.a(lib_a-nano-msizer.o)
                0x000000000800f358                _malloc_usable_size_r
 .text._raise_r
                0x000000000800f368       0x50 d:/stm32/stm32cubeide_1.10.1/stm32cubeide/plugins/com.st.stm32cube.ide.mcu.externaltools.gnu-tools-for-stm32.10.3-2021.10.win32_1.0.0.202111181127/tools/bin/../lib/gcc/arm-none-eabi/10.3.1/../../../../arm-none-eabi/lib/thumb/v7e-m+dp/hard\libc_nano.a(lib_a-signal.o)
                0x000000000800f368                _raise_r
 .text.raise    0x000000000800f3b8       0x10 d:/stm32/stm32cubeide_1.10.1/stm32cubeide/plugins/com.st.stm32cube.ide.mcu.externaltools.gnu-tools-for-stm32.10.3-2021.10.win32_1.0.0.202111181127/tools/bin/../lib/gcc/arm-none-eabi/10.3.1/../../../../arm-none-eabi/lib/thumb/v7e-m+dp/hard\libc_nano.a(lib_a-signal.o)
                0x000000000800f3b8                raise
 .text._kill_r  0x000000000800f3c8       0x24 d:/stm32/stm32cubeide_1.10.1/stm32cubeide/plugins/com.st.stm32cube.ide.mcu.externaltools.gnu-tools-for-stm32.10.3-2021.10.win32_1.0.0.202111181127/tools/bin/../lib/gcc/arm-none-eabi/10.3.1/../../../../arm-none-eabi/lib/thumb/v7e-m+dp/hard\libc_nano.a(lib_a-signalr.o)
                0x000000000800f3c8                _kill_r
 .text._getpid_r
                0x000000000800f3ec        0x4 d:/stm32/stm32cubeide_1.10.1/stm32cubeide/plugins/com.st.stm32cube.ide.mcu.externaltools.gnu-tools-for-stm32.10.3-2021.10.win32_1.0.0.202111181127/tools/bin/../lib/gcc/arm-none-eabi/10.3.1/../../../../arm-none-eabi/lib/thumb/v7e-m+dp/hard\libc_nano.a(lib_a-signalr.o)
                0x000000000800f3ec                _getpid_r
 .text.atan2    0x000000000800f3f0        0x4 d:/stm32/stm32cubeide_1.10.1/stm32cubeide/plugins/com.st.stm32cube.ide.mcu.externaltools.gnu-tools-for-stm32.10.3-2021.10.win32_1.0.0.202111181127/tools/bin/../lib/gcc/arm-none-eabi/10.3.1/../../../../arm-none-eabi/lib/thumb/v7e-m+dp/hard\libm.a(lib_a-w_atan2.o)
                0x000000000800f3f0                atan2
 *fill*         0x000000000800f3f4        0x4 
 .text.fmod     0x000000000800f3f8       0x48 d:/stm32/stm32cubeide_1.10.1/stm32cubeide/plugins/com.st.stm32cube.ide.mcu.externaltools.gnu-tools-for-stm32.10.3-2021.10.win32_1.0.0.202111181127/tools/bin/../lib/gcc/arm-none-eabi/10.3.1/../../../../arm-none-eabi/lib/thumb/v7e-m+dp/hard\libm.a(lib_a-w_fmod.o)
                0x000000000800f3f8                fmod
 .text.__ieee754_atan2
                0x000000000800f440      0x184 d:/stm32/stm32cubeide_1.10.1/stm32cubeide/plugins/com.st.stm32cube.ide.mcu.externaltools.gnu-tools-for-stm32.10.3-2021.10.win32_1.0.0.202111181127/tools/bin/../lib/gcc/arm-none-eabi/10.3.1/../../../../arm-none-eabi/lib/thumb/v7e-m+dp/hard\libm.a(lib_a-e_atan2.o)
                0x000000000800f440                __ieee754_atan2
 .text.__ieee754_fmod
                0x000000000800f5c4      0x224 d:/stm32/stm32cubeide_1.10.1/stm32cubeide/plugins/com.st.stm32cube.ide.mcu.externaltools.gnu-tools-for-stm32.10.3-2021.10.win32_1.0.0.202111181127/tools/bin/../lib/gcc/arm-none-eabi/10.3.1/../../../../arm-none-eabi/lib/thumb/v7e-m+dp/hard\libm.a(lib_a-e_fmod.o)
                0x000000000800f5c4                __ieee754_fmod
 .text.atan     0x000000000800f7e8      0x1f4 d:/stm32/stm32cubeide_1.10.1/stm32cubeide/plugins/com.st.stm32cube.ide.mcu.externaltools.gnu-tools-for-stm32.10.3-2021.10.win32_1.0.0.202111181127/tools/bin/../lib/gcc/arm-none-eabi/10.3.1/../../../../arm-none-eabi/lib/thumb/v7e-m+dp/hard\libm.a(lib_a-s_atan.o)
                0x000000000800f7e8                atan
 .text.fabs     0x000000000800f9dc       0x12 d:/stm32/stm32cubeide_1.10.1/stm32cubeide/plugins/com.st.stm32cube.ide.mcu.externaltools.gnu-tools-for-stm32.10.3-2021.10.win32_1.0.0.202111181127/tools/bin/../lib/gcc/arm-none-eabi/10.3.1/../../../../arm-none-eabi/lib/thumb/v7e-m+dp/hard\libm.a(lib_a-s_fabs.o)
                0x000000000800f9dc                fabs
 *(.glue_7)
 .glue_7        0x000000000800f9ee        0x0 linker stubs
 *(.glue_7t)
 .glue_7t       0x000000000800f9ee        0x0 linker stubs
 *(.eh_frame)
 *fill*         0x000000000800f9ee        0x2 
 .eh_frame      0x000000000800f9f0        0x0 d:/stm32/stm32cubeide_1.10.1/stm32cubeide/plugins/com.st.stm32cube.ide.mcu.externaltools.gnu-tools-for-stm32.10.3-2021.10.win32_1.0.0.202111181127/tools/bin/../lib/gcc/arm-none-eabi/10.3.1/thumb/v7e-m+dp/hard/crtbegin.o
 *(.init)
 .init          0x000000000800f9f0        0x4 d:/stm32/stm32cubeide_1.10.1/stm32cubeide/plugins/com.st.stm32cube.ide.mcu.externaltools.gnu-tools-for-stm32.10.3-2021.10.win32_1.0.0.202111181127/tools/bin/../lib/gcc/arm-none-eabi/10.3.1/thumb/v7e-m+dp/hard/crti.o
                0x000000000800f9f0                _init
 .init          0x000000000800f9f4        0x8 d:/stm32/stm32cubeide_1.10.1/stm32cubeide/plugins/com.st.stm32cube.ide.mcu.externaltools.gnu-tools-for-stm32.10.3-2021.10.win32_1.0.0.202111181127/tools/bin/../lib/gcc/arm-none-eabi/10.3.1/thumb/v7e-m+dp/hard/crtn.o
 *(.fini)
 .fini          0x000000000800f9fc        0x4 d:/stm32/stm32cubeide_1.10.1/stm32cubeide/plugins/com.st.stm32cube.ide.mcu.externaltools.gnu-tools-for-stm32.10.3-2021.10.win32_1.0.0.202111181127/tools/bin/../lib/gcc/arm-none-eabi/10.3.1/thumb/v7e-m+dp/hard/crti.o
                0x000000000800f9fc                _fini
 .fini          0x000000000800fa00        0x8 d:/stm32/stm32cubeide_1.10.1/stm32cubeide/plugins/com.st.stm32cube.ide.mcu.externaltools.gnu-tools-for-stm32.10.3-2021.10.win32_1.0.0.202111181127/tools/bin/../lib/gcc/arm-none-eabi/10.3.1/thumb/v7e-m+dp/hard/crtn.o
                0x000000000800fa08                . = ALIGN (0x4)
                0x000000000800fa08                _etext = .

.vfp11_veneer   0x000000000800fa08        0x0
 .vfp11_veneer  0x000000000800fa08        0x0 linker stubs

.v4_bx          0x000000000800fa08        0x0
 .v4_bx         0x000000000800fa08        0x0 linker stubs

.iplt           0x000000000800fa08        0x0