../Core/Src/main.c:160:5:main	160	static
../Core/Src/main.c:305:6:SystemClock_Config	120	static
../Core/Src/main.c:365:13:MX_FDCAN1_Init	8	static
../Core/Src/main.c:418:13:MX_SPI1_Init	8	static
../Core/Src/main.c:466:13:MX_TIM4_Init	64	static
../Core/Src/main.c:525:13:MX_TIM5_Init	64	static
../Core/Src/main.c:584:13:MX_TIM17_Init	8	static
../Core/Src/main.c:616:13:MX_USART3_UART_Init	8	static
../Core/Src/main.c:664:13:MX_GPIO_Init	48	static
../Core/Src/main.c:698:6:StartDefaultTask	16	static
../Core/Src/main.c:709:6:wirelessTask	48	static
../Core/Src/main.c:743:6:servoTask	32	static
../Core/Src/main.c:763:6:escTask	56	static
../Core/Src/main.c:788:6:canTask	56	static
../Core/Src/main.c:802:6:movimientoCamaraTask	104	static
../Core/Src/main.c:953:6:HAL_TIM_PeriodElapsedCallback	16	static
../Core/Src/main.c:970:6:Error_Handler	4	static,ignoring_inline_asm
